Archive member included to satisfy reference by file (symbol)

/usr/lib/gcc/arm-none-eabi/12.2.0/../../../../arm-none-eabi/lib/thumb/v7e-m+fp/hard/libc_nano.a(lib_a-atexit.o)
                              /usr/lib/gcc/arm-none-eabi/12.2.0/../../../../arm-none-eabi/lib/thumb/v7e-m+fp/hard/crt0.o (atexit)
/usr/lib/gcc/arm-none-eabi/12.2.0/../../../../arm-none-eabi/lib/thumb/v7e-m+fp/hard/libc_nano.a(lib_a-exit.o)
                              /usr/lib/gcc/arm-none-eabi/12.2.0/../../../../arm-none-eabi/lib/thumb/v7e-m+fp/hard/crt0.o (exit)
/usr/lib/gcc/arm-none-eabi/12.2.0/../../../../arm-none-eabi/lib/thumb/v7e-m+fp/hard/libc_nano.a(lib_a-fini.o)
                              /usr/lib/gcc/arm-none-eabi/12.2.0/../../../../arm-none-eabi/lib/thumb/v7e-m+fp/hard/crt0.o (__libc_fini_array)
/usr/lib/gcc/arm-none-eabi/12.2.0/../../../../arm-none-eabi/lib/thumb/v7e-m+fp/hard/libc_nano.a(lib_a-impure.o)
                              /usr/lib/gcc/arm-none-eabi/12.2.0/../../../../arm-none-eabi/lib/thumb/v7e-m+fp/hard/libc_nano.a(lib_a-exit.o) (_global_impure_ptr)
/usr/lib/gcc/arm-none-eabi/12.2.0/../../../../arm-none-eabi/lib/thumb/v7e-m+fp/hard/libc_nano.a(lib_a-init.o)
                              /usr/lib/gcc/arm-none-eabi/12.2.0/../../../../arm-none-eabi/lib/thumb/v7e-m+fp/hard/crt0.o (__libc_init_array)
/usr/lib/gcc/arm-none-eabi/12.2.0/../../../../arm-none-eabi/lib/thumb/v7e-m+fp/hard/libc_nano.a(lib_a-memset.o)
                              /usr/lib/gcc/arm-none-eabi/12.2.0/../../../../arm-none-eabi/lib/thumb/v7e-m+fp/hard/crt0.o (memset)
/usr/lib/gcc/arm-none-eabi/12.2.0/../../../../arm-none-eabi/lib/thumb/v7e-m+fp/hard/libc_nano.a(lib_a-__atexit.o)
                              /usr/lib/gcc/arm-none-eabi/12.2.0/../../../../arm-none-eabi/lib/thumb/v7e-m+fp/hard/libc_nano.a(lib_a-atexit.o) (__register_exitproc)
/usr/lib/gcc/arm-none-eabi/12.2.0/../../../../arm-none-eabi/lib/thumb/v7e-m+fp/hard/libc_nano.a(lib_a-__call_atexit.o)
                              /usr/lib/gcc/arm-none-eabi/12.2.0/../../../../arm-none-eabi/lib/thumb/v7e-m+fp/hard/libc_nano.a(lib_a-__atexit.o) (__call_exitprocs)
/usr/lib/gcc/arm-none-eabi/12.2.0/../../../../arm-none-eabi/lib/thumb/v7e-m+fp/hard/libc_nano.a(lib_a-lock.o)
                              /usr/lib/gcc/arm-none-eabi/12.2.0/../../../../arm-none-eabi/lib/thumb/v7e-m+fp/hard/libc_nano.a(lib_a-__atexit.o) (__retarget_lock_acquire_recursive)
/usr/lib/gcc/arm-none-eabi/12.2.0/../../../../arm-none-eabi/lib/thumb/v7e-m+fp/hard/libnosys.a(_exit.o)
                              /usr/lib/gcc/arm-none-eabi/12.2.0/../../../../arm-none-eabi/lib/thumb/v7e-m+fp/hard/libc_nano.a(lib_a-exit.o) (_exit)
/usr/lib/gcc/arm-none-eabi/12.2.0/thumb/v7e-m+fp/hard/libgcc.a(_aeabi_uldivmod.o)
                              build/stm32f4xx_hal_uart.o (__aeabi_uldivmod)
/usr/lib/gcc/arm-none-eabi/12.2.0/thumb/v7e-m+fp/hard/libgcc.a(_udivmoddi4.o)
                              /usr/lib/gcc/arm-none-eabi/12.2.0/thumb/v7e-m+fp/hard/libgcc.a(_aeabi_uldivmod.o) (__udivmoddi4)
/usr/lib/gcc/arm-none-eabi/12.2.0/thumb/v7e-m+fp/hard/libgcc.a(_dvmd_tls.o)
                              /usr/lib/gcc/arm-none-eabi/12.2.0/thumb/v7e-m+fp/hard/libgcc.a(_aeabi_uldivmod.o) (__aeabi_ldiv0)

Discarded input sections

 .text          0x0000000000000000        0x0 /usr/lib/gcc/arm-none-eabi/12.2.0/thumb/v7e-m+fp/hard/crti.o
 .data          0x0000000000000000        0x0 /usr/lib/gcc/arm-none-eabi/12.2.0/thumb/v7e-m+fp/hard/crti.o
 .bss           0x0000000000000000        0x0 /usr/lib/gcc/arm-none-eabi/12.2.0/thumb/v7e-m+fp/hard/crti.o
 .text          0x0000000000000000        0x0 /usr/lib/gcc/arm-none-eabi/12.2.0/thumb/v7e-m+fp/hard/crtbegin.o
 .data          0x0000000000000000        0x0 /usr/lib/gcc/arm-none-eabi/12.2.0/thumb/v7e-m+fp/hard/crtbegin.o
 .bss           0x0000000000000000        0x0 /usr/lib/gcc/arm-none-eabi/12.2.0/thumb/v7e-m+fp/hard/crtbegin.o
 .rodata.all_implied_fbits
                0x0000000000000000       0x24 /usr/lib/gcc/arm-none-eabi/12.2.0/thumb/v7e-m+fp/hard/crtbegin.o
 .data.__dso_handle
                0x0000000000000000        0x4 /usr/lib/gcc/arm-none-eabi/12.2.0/thumb/v7e-m+fp/hard/crtbegin.o
 .text          0x0000000000000000       0x70 /usr/lib/gcc/arm-none-eabi/12.2.0/../../../../arm-none-eabi/lib/thumb/v7e-m+fp/hard/crt0.o
 .data          0x0000000000000000        0x0 /usr/lib/gcc/arm-none-eabi/12.2.0/../../../../arm-none-eabi/lib/thumb/v7e-m+fp/hard/crt0.o
 .bss           0x0000000000000000        0x0 /usr/lib/gcc/arm-none-eabi/12.2.0/../../../../arm-none-eabi/lib/thumb/v7e-m+fp/hard/crt0.o
 .ARM.extab     0x0000000000000000        0x0 /usr/lib/gcc/arm-none-eabi/12.2.0/../../../../arm-none-eabi/lib/thumb/v7e-m+fp/hard/crt0.o
 .ARM.exidx     0x0000000000000000       0x10 /usr/lib/gcc/arm-none-eabi/12.2.0/../../../../arm-none-eabi/lib/thumb/v7e-m+fp/hard/crt0.o
 .debug_line_str
[...]
Memory Configuration

Name             Origin             Length             Attributes
RAM              0x0000000020000000 0x0000000000010000 xrw
FLASH            0x0000000008000000 0x0000000000040000 xr
*default*        0x0000000000000000 0xffffffffffffffff

Linker script and memory map

LOAD /usr/lib/gcc/arm-none-eabi/12.2.0/thumb/v7e-m+fp/hard/crti.o
LOAD /usr/lib/gcc/arm-none-eabi/12.2.0/thumb/v7e-m+fp/hard/crtbegin.o
LOAD /usr/lib/gcc/arm-none-eabi/12.2.0/../../../../arm-none-eabi/lib/thumb/v7e-m+fp/hard/crt0.o
LOAD build/main.o
LOAD build/stm32f4xx_it.o
LOAD build/stm32f4xx_hal_msp.o
LOAD build/stm32f4xx_hal_tim.o
LOAD build/stm32f4xx_hal_tim_ex.o
LOAD build/stm32f4xx_hal_uart.o
LOAD build/stm32f4xx_hal_rcc.o
LOAD build/stm32f4xx_hal_rcc_ex.o
LOAD build/stm32f4xx_hal_flash.o
LOAD build/stm32f4xx_hal_flash_ex.o
LOAD build/stm32f4xx_hal_flash_ramfunc.o
LOAD build/stm32f4xx_hal_gpio.o
LOAD build/stm32f4xx_hal_dma_ex.o
LOAD build/stm32f4xx_hal_dma.o
LOAD build/stm32f4xx_hal_pwr.o
LOAD build/stm32f4xx_hal_pwr_ex.o
LOAD build/stm32f4xx_hal_cortex.o
LOAD build/stm32f4xx_hal.o
LOAD build/stm32f4xx_hal_exti.o
LOAD build/system_stm32f4xx.o
LOAD build/stm32f429xx_init.o
LOAD build/stm32f429xx_usart.o
LOAD build/armv7-m.o
LOAD build/native-mem.o
LOAD build/buffer.o
LOAD build/cmd_break_watch.o
LOAD build/cmd_common.o
LOAD build/cmd_continue.o
LOAD build/cmd_file.o
LOAD build/cmd_memory.o
LOAD build/cmd_query.o
LOAD build/cmd_registers.o
LOAD build/cmd_step.o
LOAD build/cmd_thread.o
LOAD build/cmd_vcont.o
LOAD build/context.o
LOAD build/gdb_console.o
LOAD build/libc.o
LOAD build/memory.o
LOAD build/mri.o
LOAD build/packet.o
LOAD build/token.o
LOAD build/try_catch.o
LOAD build/rtos_weak.o
LOAD build/semihost.o
LOAD build/semihost_mbed.o
LOAD build/semihost_newlib.o
LOAD build/stm32f429-disco.o
LOAD build/startup_stm32f401xc.o
LOAD /tmp/cc3kihz2.o
LOAD /tmp/ccj4G54i.o
LOAD /usr/lib/gcc/arm-none-eabi/12.2.0/../../../../arm-none-eabi/lib/thumb/v7e-m+fp/hard/libc_nano.a
LOAD /usr/lib/gcc/arm-none-eabi/12.2.0/../../../../arm-none-eabi/lib/thumb/v7e-m+fp/hard/libm.a
LOAD /usr/lib/gcc/arm-none-eabi/12.2.0/../../../../arm-none-eabi/lib/thumb/v7e-m+fp/hard/libnosys.a
START GROUP
LOAD /usr/lib/gcc/arm-none-eabi/12.2.0/thumb/v7e-m+fp/hard/libgcc.a
LOAD /usr/lib/gcc/arm-none-eabi/12.2.0/../../../../arm-none-eabi/lib/thumb/v7e-m+fp/hard/libc_nano.a
END GROUP
START GROUP
LOAD /usr/lib/gcc/arm-none-eabi/12.2.0/thumb/v7e-m+fp/hard/libgcc.a
LOAD /usr/lib/gcc/arm-none-eabi/12.2.0/../../../../arm-none-eabi/lib/thumb/v7e-m+fp/hard/libc_nano.a
END GROUP
LOAD /usr/lib/gcc/arm-none-eabi/12.2.0/thumb/v7e-m+fp/hard/crtend.o
LOAD /usr/lib/gcc/arm-none-eabi/12.2.0/thumb/v7e-m+fp/hard/crtn.o
                0x0000000020010000                _estack = (ORIGIN (RAM) + LENGTH (RAM))
                0x0000000000000200                _Min_Heap_Size = 0x200
                0x0000000000000400                _Min_Stack_Size = 0x400

.isr_vector     0x0000000008000000      0x194
                0x0000000008000000                . = ALIGN (0x4)
 *(.isr_vector)
 .isr_vector    0x0000000008000000      0x194 build/startup_stm32f401xc.o
                0x0000000008000000                g_pfnVectors
                0x0000000008000194                . = ALIGN (0x4)

.text           0x0000000008000198     0x5800
                0x0000000008000198                . = ALIGN (0x4)
 *(.text)
 .text          0x0000000008000198       0xfc /tmp/cc3kihz2.o
                0x0000000008000198                mriExceptionHandler
                0x000000000800025c                HardFault_Handler
                0x0000000008000282                MemManage_Handler
                0x0000000008000286                BusFault_Handler
                0x000000000800028a                UsageFault_Handler
                0x000000000800028e                DebugMon_Handler
 .text          0x0000000008000294       0x30 /usr/lib/gcc/arm-none-eabi/12.2.0/thumb/v7e-m+fp/hard/libgcc.a(_aeabi_uldivmod.o)
                0x0000000008000294                __aeabi_uldivmod
 .text          0x00000000080002c4        0x4 /usr/lib/gcc/arm-none-eabi/12.2.0/thumb/v7e-m+fp/hard/libgcc.a(_dvmd_tls.o)
                0x00000000080002c4                __aeabi_ldiv0
                0x00000000080002c4                __aeabi_idiv0
 *(.text*)
 .text.__do_global_dtors_aux
                0x00000000080002c8       0x24 /usr/lib/gcc/arm-none-eabi/12.2.0/thumb/v7e-m+fp/hard/crtbegin.o
 .text.frame_dummy
                0x00000000080002ec       0x1c /usr/lib/gcc/arm-none-eabi/12.2.0/thumb/v7e-m+fp/hard/crtbegin.o
 .text.MX_GPIO_Init
                0x0000000008000308       0x80 build/main.o
 .text.Error_Handler
                0x0000000008000388        0x4 build/main.o
                0x0000000008000388                Error_Handler
 .text.SystemClock_Config
                0x000000000800038c       0xa8 build/main.o
                0x000000000800038c                SystemClock_Config
 .text.main     0x0000000008000434       0x58 build/main.o
                0x0000000008000434                main
 .text.NMI_Handler
                0x000000000800048c        0x2 build/stm32f4xx_it.o
                0x000000000800048c                NMI_Handler
 .text.SVC_Handler
                0x000000000800048e        0x2 build/stm32f4xx_it.o
                0x000000000800048e                SVC_Handler
 .text.PendSV_Handler
                0x0000000008000490        0x2 build/stm32f4xx_it.o
                0x0000000008000490                PendSV_Handler
 .text.SysTick_Handler
                0x0000000008000492        0x8 build/stm32f4xx_it.o
                0x0000000008000492                SysTick_Handler
 *fill*         0x000000000800049a        0x2 
 .text.HAL_MspInit
                0x000000000800049c       0x38 build/stm32f4xx_hal_msp.o
                0x000000000800049c                HAL_MspInit
 .text.HAL_RCC_OscConfig
                0x00000000080004d4      0x3f8 build/stm32f4xx_hal_rcc.o
                0x00000000080004d4                HAL_RCC_OscConfig
 .text.HAL_RCC_GetSysClockFreq
                0x00000000080008cc       0xa8 build/stm32f4xx_hal_rcc.o
                0x00000000080008cc                HAL_RCC_GetSysClockFreq
 .text.HAL_RCC_ClockConfig
                0x0000000008000974      0x160 build/stm32f4xx_hal_rcc.o
                0x0000000008000974                HAL_RCC_ClockConfig
 .text.HAL_GPIO_Init
                0x0000000008000ad4      0x1c8 build/stm32f4xx_hal_gpio.o
                0x0000000008000ad4                HAL_GPIO_Init
 .text.HAL_GPIO_WritePin
                0x0000000008000c9c        0xc build/stm32f4xx_hal_gpio.o
                0x0000000008000c9c                HAL_GPIO_WritePin
 .text.__NVIC_SetPriority
                0x0000000008000ca8       0x28 build/stm32f4xx_hal_cortex.o
 .text.NVIC_EncodePriority
                0x0000000008000cd0       0x3e build/stm32f4xx_hal_cortex.o
 *fill*         0x0000000008000d0e        0x2 
 .text.HAL_NVIC_SetPriorityGrouping
                0x0000000008000d10       0x24 build/stm32f4xx_hal_cortex.o
                0x0000000008000d10                HAL_NVIC_SetPriorityGrouping
 .text.HAL_NVIC_SetPriority
                0x0000000008000d34       0x20 build/stm32f4xx_hal_cortex.o
                0x0000000008000d34                HAL_NVIC_SetPriority
 .text.HAL_SYSTICK_Config
                0x0000000008000d54       0x28 build/stm32f4xx_hal_cortex.o
                0x0000000008000d54                HAL_SYSTICK_Config
 .text.HAL_InitTick
                0x0000000008000d7c       0x4c build/stm32f4xx_hal.o
                0x0000000008000d7c                HAL_InitTick
 .text.HAL_Init
                0x0000000008000dc8       0x34 build/stm32f4xx_hal.o
                0x0000000008000dc8                HAL_Init
 .text.HAL_IncTick
                0x0000000008000dfc       0x18 build/stm32f4xx_hal.o
                0x0000000008000dfc                HAL_IncTick
 .text.HAL_GetTick
                0x0000000008000e14        0xc build/stm32f4xx_hal.o
                0x0000000008000e14                HAL_GetTick
 .text.HAL_Delay
                0x0000000008000e20       0x28 build/stm32f4xx_hal.o
                0x0000000008000e20                HAL_Delay
 .text.SystemInit
                0x0000000008000e48       0x14 build/system_stm32f4xx.o
                0x0000000008000e48                SystemInit
 .text.USART1_IRQHandler
                0x0000000008000e5c        0x6 build/stm32f429xx_init.o
                0x0000000008000e5c                USART1_IRQHandler
 *fill*         0x0000000008000e62        0x2 
 .text.mriStm32f429xx_Init
                0x0000000008000e64       0x30 build/stm32f429xx_init.o
                0x0000000008000e64                mriStm32f429xx_Init
 .text.mriPlatform_GetDeviceMemoryMapXmlSize
                0x0000000008000e94        0x6 build/stm32f429xx_init.o
                0x0000000008000e94                mriPlatform_GetDeviceMemoryMapXmlSize
 *fill*         0x0000000008000e9a        0x2 
 .text.mriPlatform_GetDeviceMemoryMapXml
                0x0000000008000e9c        0x8 build/stm32f429xx_init.o
                0x0000000008000e9c                mriPlatform_GetDeviceMemoryMapXml
 .text.getDecimalDigit
                0x0000000008000ea4       0x24 build/stm32f429xx_usart.o
 .text.uint32FromString
                0x0000000008000ec8       0x34 build/stm32f429xx_usart.o
 .text.saveUartToBeUsedByDebugger
                0x0000000008000efc       0x1c build/stm32f429xx_usart.o
 .text.enableUartPeripheralCLOCK
                0x0000000008000f18       0x48 build/stm32f429xx_usart.o
 .text._mriRCC_GetClocksFreq
                0x0000000008000f60       0xb8 build/stm32f429xx_usart.o
 .text.usart_baud_calc
                0x0000000008001018       0x94 build/stm32f429xx_usart.o
 .text.enableUART
                0x00000000080010ac       0x70 build/stm32f429xx_usart.o
 .text.enableGPIO
                0x000000000800111c      0x130 build/stm32f429xx_usart.o
 .text.enableUartToInterruptOnReceivedChar
                0x000000000800124c       0x14 build/stm32f429xx_usart.o
 .text.commUartIndex
                0x0000000008001260       0x20 build/stm32f429xx_usart.o
 .text.parseUartParameters
                0x0000000008001280       0x6c build/stm32f429xx_usart.o
 .text.configureNVICForUartInterrupt
                0x00000000080012ec       0x34 build/stm32f429xx_usart.o
 .text.configureUartForExclusiveUseOfDebugger
                0x0000000008001320       0x26 build/stm32f429xx_usart.o
 .text.mriStm32f429xxUart_Init
                0x0000000008001346       0x1c build/stm32f429xx_usart.o
                0x0000000008001346                mriStm32f429xxUart_Init
 *fill*         0x0000000008001362        0x2 
 .text.mriPlatform_CommHasReceiveData
                0x0000000008001364       0x14 build/stm32f429xx_usart.o
                0x0000000008001364                mriPlatform_CommHasReceiveData
 .text.mriPlatform_CommHasTransmitCompleted
                0x0000000008001378       0x14 build/stm32f429xx_usart.o
                0x0000000008001378                mriPlatform_CommHasTransmitCompleted
 .text.mriPlatform_CommReceiveChar
                0x000000000800138c       0x1c build/stm32f429xx_usart.o
                0x000000000800138c                mriPlatform_CommReceiveChar
 .text.mriPlatform_CommSendChar
                0x00000000080013a8       0x1c build/stm32f429xx_usart.o
                0x00000000080013a8                mriPlatform_CommSendChar
 .text.__NVIC_SystemReset
                0x00000000080013c4       0x24 build/armv7-m.o
 .text.clearDWTComparators
                0x00000000080013e8       0x2c build/armv7-m.o
 .text.doesDWTComparatorMatch
                0x0000000008001414       0x3c build/armv7-m.o
 .text.findDWTComparator
                0x0000000008001450       0x40 build/armv7-m.o
 .text.findFreeDWTComparator
                0x0000000008001490       0x2c build/armv7-m.o
 .text.enableDWTWatchpoint
                0x00000000080014bc       0x3c build/armv7-m.o
 .text.disableDWTWatchpoint
                0x00000000080014f8       0x20 build/armv7-m.o
 .text.isBreakpointAddressInvalid
                0x0000000008001518       0x2c build/armv7-m.o
 .text.calculateFPBComparatorValue
                0x0000000008001544       0x50 build/armv7-m.o
 .text.isFPBComparatorEnabled
                0x0000000008001594       0x2c build/armv7-m.o
 .text.findFPBBreakpointComparator
                0x00000000080015c0       0x50 build/armv7-m.o
 .text.findFreeFPBBreakpointComparator
                0x0000000008001610       0x3c build/armv7-m.o
 .text.enableFPBBreakpoint
                0x000000000800164c       0x28 build/armv7-m.o
 .text.disableFPBBreakpointComparator
                0x0000000008001674        0xe build/armv7-m.o
 *fill*         0x0000000008001682        0x2 
 .text.clearFPBComparators
                0x0000000008001684       0x34 build/armv7-m.o
 .text.fillDebuggerStack
                0x00000000080016b8       0x2c build/armv7-m.o
 .text.configureDWTandFPB
                0x00000000080016e4       0x2c build/armv7-m.o
 .text.disableDebuggerStack
                0x0000000008001710       0x10 build/armv7-m.o
 .text.shouldRestorePriorityRegs
                0x0000000008001720       0x10 build/armv7-m.o
 .text.clearPriorityRestoreFlag
                0x0000000008001730       0x10 build/armv7-m.o
 .text.shouldRemoveHardwareBreakpointOnSvcHandler
                0x0000000008001740       0x10 build/armv7-m.o
 .text.clearSvcStepFlag
                0x0000000008001750       0x10 build/armv7-m.o
 .text.getNvicVector
                0x0000000008001760       0x10 build/armv7-m.o
 .text.clearSingleSteppingFlag
                0x0000000008001770       0x10 build/armv7-m.o
 .text.setSvcStepFlag
                0x0000000008001780       0x10 build/armv7-m.o
 .text.setSingleSteppingFlag
                0x0000000008001790       0x10 build/armv7-m.o
 .text.isInstructionMSR
                0x00000000080017a0       0x24 build/armv7-m.o
 .text.isInstructionCPS
                0x00000000080017c4       0x14 build/armv7-m.o
 .text.isInstructionMRS
                0x00000000080017d8       0x1e build/armv7-m.o
 *fill*         0x00000000080017f6        0x2 
 .text.setRestorePriorityRegsFlag
                0x00000000080017f8       0x10 build/armv7-m.o
 .text.calculateBasePriorityForThisCPU
                0x0000000008001808       0x10 build/armv7-m.o
 .text.getReasonFromMatchComparator
                0x0000000008001818       0x2e build/armv7-m.o
 *fill*         0x0000000008001846        0x2 
 .text.findMatchedWatchpoint
                0x0000000008001848       0x3c build/armv7-m.o
 .text.hasControlCBeenDetected
                0x0000000008001884       0x10 build/armv7-m.o
 .text.determineCauseOfDebugEvent
                0x0000000008001894       0x30 build/armv7-m.o
 .text.clearMemoryFaultFlag
                0x00000000080018c4       0x10 build/armv7-m.o
 .text.isExternalInterrupt
                0x00000000080018d4        0xa build/armv7-m.o
 *fill*         0x00000000080018de        0x2 
 .text.setControlCFlag
                0x00000000080018e0       0x10 build/armv7-m.o
 .text.setActiveDebugFlag
                0x00000000080018f0       0x10 build/armv7-m.o
 .text.clearControlCFlag
                0x0000000008001900       0x10 build/armv7-m.o
 .text.clearActiveDebugFlag
                0x0000000008001910       0x10 build/armv7-m.o
 .text.clearPendedFromFaultFlag
                0x0000000008001920       0x10 build/armv7-m.o
 .text.checkStack
                0x0000000008001930       0x38 build/armv7-m.o
 .text.isInstruction32Bit
                0x0000000008001968       0x26 build/armv7-m.o
 .text.isInstructionMbedSemihostBreakpoint
                0x000000000800198e        0xe build/armv7-m.o
 .text.isInstructionNewlibSemihostBreakpoint
                0x000000000800199c       0x12 build/armv7-m.o
 .text.isInstructionHardcodedBreakpoint
                0x00000000080019ae        0xc build/armv7-m.o
 *fill*         0x00000000080019ba        0x2 
 .text.doesKindIndicate32BitInstruction
                0x00000000080019bc       0x2c build/armv7-m.o
 .text.convertWatchpointTypeToCortexMType
                0x00000000080019e8       0x1a build/armv7-m.o
 *fill*         0x0000000008001a02        0x2 
 .text.setFaultDetectedFlag
                0x0000000008001a04       0x10 build/armv7-m.o
 .text.isDebuggerAlreadyActive
                0x0000000008001a14       0x10 build/armv7-m.o
 .text.isImpreciseBusFaultRaw
                0x0000000008001a24       0x10 build/armv7-m.o
 .text.getExceptionStack
                0x0000000008001a34       0x10 build/armv7-m.o
 .text.advancePCToNextInstruction
                0x0000000008001a44       0x1a build/armv7-m.o
 *fill*         0x0000000008001a5e        0x2 
 .text.clearFaultStatusBits
                0x0000000008001a60       0x14 build/armv7-m.o
 .text.recordAndClearFaultStatusBits
                0x0000000008001a74       0x30 build/armv7-m.o
 .text.disableInterruptMaskingIfNecessary
                0x0000000008001aa4       0x24 build/armv7-m.o
 .text.treatDebugEventHardFaultAsDebugMonInterrupt
                0x0000000008001ac8       0x18 build/armv7-m.o
 .text.setPendedFromFaultBit
                0x0000000008001ae0       0x10 build/armv7-m.o
 .text.wasPendedFromFault
                0x0000000008001af0       0x10 build/armv7-m.o
 .text.encounteredStackingException
                0x0000000008001b00       0x18 build/armv7-m.o
 .text.clearState
                0x0000000008001b18       0x14 build/armv7-m.o
 .text.determinePriorityBitShift
                0x0000000008001b2c       0x38 build/armv7-m.o
 .text.restorePriorityRegsIfNeeded
                0x0000000008001b64       0x30 build/armv7-m.o
 .text.processInstructionCPS
                0x0000000008001b94       0x20 build/armv7-m.o
 .text.processInstructionMSR
                0x0000000008001bb4       0x78 build/armv7-m.o
 .text.processInstructionMRS
                0x0000000008001c2c       0x54 build/armv7-m.o
 .text.recordCurrentPriorityRegs
                0x0000000008001c80       0x24 build/armv7-m.o
 .text.displayMemFaultCauseToGdbConsole
                0x0000000008001ca4       0xb0 build/armv7-m.o
 .text.displayBusFaultCauseToGdbConsole
                0x0000000008001d54       0xc8 build/armv7-m.o
 .text.displayUsageFaultCauseToGdbConsole
                0x0000000008001e1c       0x94 build/armv7-m.o
 .text.displayHardFaultCauseToGdbConsole
                0x0000000008001eb0       0x68 build/armv7-m.o
 .text.writeBytesToBufferAsHex
                0x0000000008001f18       0x1e build/armv7-m.o
 .text.sendRegisterForTResponse
                0x0000000008001f36       0x2c build/armv7-m.o
 *fill*         0x0000000008001f62        0x2 
 .text.allocateFakeFloatRegAndCallMriDebugException
                0x0000000008001f64       0x2c build/armv7-m.o
 .text.prepareThreadContext
                0x0000000008001f90       0xac build/armv7-m.o
 .text.mriCortexMSetPriority
                0x000000000800203c       0x3c build/armv7-m.o
                0x000000000800203c                mriCortexMSetPriority
 .text.defaultSvcAndSysTickInterruptsToLowerPriority
                0x0000000008002078       0x2a build/armv7-m.o
 .text.defaultExternalInterruptsToLowerPriority
                0x00000000080020a2       0x1c build/armv7-m.o
 *fill*         0x00000000080020be        0x2 
 .text.enableDebugMonitorAtSpecifiedPriority
                0x00000000080020c0       0x24 build/armv7-m.o
 .text.mriCortexMGetPriority
                0x00000000080020e4       0x30 build/armv7-m.o
                0x00000000080020e4                mriCortexMGetPriority
 .text.recordCurrentBasePriorityAndRaisePriorityToDisableNonDebugInterrupts
                0x0000000008002114       0x34 build/armv7-m.o
 .text.hasDebugMonInterruptBeenDisabled
                0x0000000008002148       0x38 build/armv7-m.o
 .text.isExceptionPriorityLowEnoughToDebug
                0x0000000008002180       0x38 build/armv7-m.o
 .text.mriPlatform_IsSingleStepping
                0x00000000080021b8       0x10 build/armv7-m.o
                0x00000000080021b8                mriPlatform_IsSingleStepping
 .text.mriPlatform_GetPacketBuffer
                0x00000000080021c8        0x8 build/armv7-m.o
                0x00000000080021c8                mriPlatform_GetPacketBuffer
 .text.mriPlatform_GetPacketBufferSize
                0x00000000080021d0        0x6 build/armv7-m.o
                0x00000000080021d0                mriPlatform_GetPacketBufferSize
 *fill*         0x00000000080021d6        0x2 
 .text.mriPlatform_GetTrapReason
                0x00000000080021d8       0x14 build/armv7-m.o
                0x00000000080021d8                mriPlatform_GetTrapReason
 .text.mriPlatform_DisplayFaultCauseToGdbConsole
                0x00000000080021ec       0x3c build/armv7-m.o
                0x00000000080021ec                mriPlatform_DisplayFaultCauseToGdbConsole
 .text.mriPlatform_LeavingDebugger
                0x0000000008002228       0x28 build/armv7-m.o
                0x0000000008002228                mriPlatform_LeavingDebugger
 .text.mriPlatform_GetProgramCounter
                0x0000000008002250       0x10 build/armv7-m.o
                0x0000000008002250                mriPlatform_GetProgramCounter
 .text.mriPlatform_SetProgramCounter
                0x0000000008002260       0x14 build/armv7-m.o
                0x0000000008002260                mriPlatform_SetProgramCounter
 .text.mriPlatform_WasProgramCounterModifiedByUser
                0x0000000008002274       0x18 build/armv7-m.o
                0x0000000008002274                mriPlatform_WasProgramCounterModifiedByUser
 .text.mriPlatform_GetSemihostCallParameters
                0x000000000800228c       0x38 build/armv7-m.o
                0x000000000800228c                mriPlatform_GetSemihostCallParameters
 .text.mriPlatform_SetSemihostCallReturnAndErrnoValues
                0x00000000080022c4       0x14 build/armv7-m.o
                0x00000000080022c4                mriPlatform_SetSemihostCallReturnAndErrnoValues
 .text.mriPlatform_WasMemoryFaultEncountered
                0x00000000080022d8       0x1c build/armv7-m.o
                0x00000000080022d8                mriPlatform_WasMemoryFaultEncountered
 .text.throwingMemRead16
                0x00000000080022f4       0x28 build/armv7-m.o
 .text.getFirstHalfWordOfCurrentInstruction
                0x000000000800231c        0xc build/armv7-m.o
 .text.doesPCPointToSVCInstruction
                0x0000000008002328       0x2c build/armv7-m.o
 .text.mriPlatform_AdvanceProgramCounterToNextInstruction
                0x0000000008002354       0x38 build/armv7-m.o
                0x0000000008002354                mriPlatform_AdvanceProgramCounterToNextInstruction
 .text.mriPlatform_TypeOfCurrentInstruction
                0x000000000800238c       0x44 build/armv7-m.o
                0x000000000800238c                mriPlatform_TypeOfCurrentInstruction
 .text.cacheTrapReason
                0x00000000080023d0       0x3c build/armv7-m.o
 .text.mriPlatform_DetermineCauseOfException
                0x000000000800240c       0x54 build/armv7-m.o
                0x000000000800240c                mriPlatform_DetermineCauseOfException
 .text.getSecondHalfWordOfCurrentInstruction
                0x0000000008002460        0xe build/armv7-m.o
 *fill*         0x000000000800246e        0x2 
 .text.checkCurrentInstruction
                0x0000000008002470       0x68 build/armv7-m.o
 .text.advancePastPriorityModifyingInstruction
                0x00000000080024d8       0x12 build/armv7-m.o
 *fill*         0x00000000080024ea        0x2 
 .text.mriPlatform_WriteTResponseRegistersToBuffer
                0x00000000080024ec       0x54 build/armv7-m.o
                0x00000000080024ec                mriPlatform_WriteTResponseRegistersToBuffer
 .text.mriPlatform_SetHardwareBreakpointOfGdbKind
                0x0000000008002540       0x20 build/armv7-m.o
                0x0000000008002540                mriPlatform_SetHardwareBreakpointOfGdbKind
 .text.mriPlatform_SetHardwareBreakpoint
                0x0000000008002560       0x34 build/armv7-m.o
                0x0000000008002560                mriPlatform_SetHardwareBreakpoint
 .text.setHardwareBreakpointOnSvcHandler
                0x0000000008002594       0x14 build/armv7-m.o
 .text.mriPlatform_EnableSingleStep
                0x00000000080025a8       0x68 build/armv7-m.o
                0x00000000080025a8                mriPlatform_EnableSingleStep
 .text.mriPlatform_ClearHardwareBreakpointOfGdbKind
                0x0000000008002610       0x24 build/armv7-m.o
                0x0000000008002610                mriPlatform_ClearHardwareBreakpointOfGdbKind
 .text.mriPlatform_ClearHardwareBreakpoint
                0x0000000008002634       0x28 build/armv7-m.o
                0x0000000008002634                mriPlatform_ClearHardwareBreakpoint
 .text.clearHardwareBreakpointOnSvcHandler
                0x000000000800265c       0x14 build/armv7-m.o
 .text.removeHardwareBreakpointOnSvcHandlerIfNeeded
                0x0000000008002670       0x14 build/armv7-m.o
 .text.cleanupIfSingleStepping
                0x0000000008002684        0xc build/armv7-m.o
 .text.mriPlatform_DisableSingleStep
                0x0000000008002690       0x20 build/armv7-m.o
                0x0000000008002690                mriPlatform_DisableSingleStep
 .text.mriCortexMInit
                0x00000000080026b0       0x5c build/armv7-m.o
                0x00000000080026b0                mriCortexMInit
 .text.mriPlatform_EnteringDebugger
                0x000000000800270c       0x2c build/armv7-m.o
                0x000000000800270c                mriPlatform_EnteringDebugger
 .text.mriPlatform_SetHardwareWatchpoint
                0x0000000008002738       0x48 build/armv7-m.o
                0x0000000008002738                mriPlatform_SetHardwareWatchpoint
 .text.mriPlatform_ClearHardwareWatchpoint
                0x0000000008002780       0x3c build/armv7-m.o
                0x0000000008002780                mriPlatform_ClearHardwareWatchpoint
 .text.mriPlatform_GetTargetXmlSize
                0x00000000080027bc        0x6 build/armv7-m.o
                0x00000000080027bc                mriPlatform_GetTargetXmlSize
 *fill*         0x00000000080027c2        0x2 
 .text.mriPlatform_GetTargetXml
                0x00000000080027c4        0x8 build/armv7-m.o
                0x00000000080027c4                mriPlatform_GetTargetXml
 .text.mriPlatform_ResetDevice
                0x00000000080027cc        0x6 build/armv7-m.o
                0x00000000080027cc                mriPlatform_ResetDevice
 *fill*         0x00000000080027d2        0x2 
 .text.mriFaultHandler
                0x00000000080027d4       0x70 build/armv7-m.o
                0x00000000080027d4                mriFaultHandler
 .text.mriPlatform_HandleFaultFromHighPriorityCode
                0x0000000008002844        0x2 build/armv7-m.o
                0x0000000008002844                mriPlatform_HandleFaultFromHighPriorityCode
 *fill*         0x0000000008002846        0x2 
 .text.mriCortexMExceptionHandler
                0x0000000008002848       0xe8 build/armv7-m.o
                0x0000000008002848                mriCortexMExceptionHandler
 .text.mriPlatform_MemRead32
                0x0000000008002930        0x4 build/native-mem.o
                0x0000000008002930                mriPlatform_MemRead32
 .text.mriPlatform_MemRead16
                0x0000000008002934        0x6 build/native-mem.o
                0x0000000008002934                mriPlatform_MemRead16
 .text.mriPlatform_MemRead8
                0x000000000800293a        0x4 build/native-mem.o
                0x000000000800293a                mriPlatform_MemRead8
 .text.mriPlatform_MemWrite32
                0x000000000800293e        0x4 build/native-mem.o
                0x000000000800293e                mriPlatform_MemWrite32
 .text.mriPlatform_MemWrite16
                0x0000000008002942        0x4 build/native-mem.o
                0x0000000008002942                mriPlatform_MemWrite16
 .text.mriPlatform_MemWrite8
                0x0000000008002946        0x4 build/native-mem.o
                0x0000000008002946                mriPlatform_MemWrite8
 *fill*         0x000000000800294a        0x2 
 .text.HexCharToNibble
                0x000000000800294c       0x40 build/buffer.o
 .text.recordThatBufferOverrunHasOccurred
                0x000000000800298c        0x8 build/buffer.o
 .text.pushBackLastChar
                0x0000000008002994        0xe build/buffer.o
 .text.countLeadingZeroBytes
                0x00000000080029a2       0x16 build/buffer.o
 .text.extractByteAtIndex
                0x00000000080029b8        0x8 build/buffer.o
 .text.convertToIntegerAndThrowIfOutOfRange
                0x00000000080029c0       0x40 build/buffer.o
 .text.peekAtNextChar
                0x0000000008002a00        0x6 build/buffer.o
 .text.advanceToNextChar
                0x0000000008002a06        0x8 build/buffer.o
 .text.mriBuffer_Reset
                0x0000000008002a0e        0x6 build/buffer.o
                0x0000000008002a0e                mriBuffer_Reset
 .text.mriBuffer_Init
                0x0000000008002a14        0xe build/buffer.o
                0x0000000008002a14                mriBuffer_Init
 .text.mriBuffer_SetEndOfBuffer
                0x0000000008002a22        0xc build/buffer.o
                0x0000000008002a22                mriBuffer_SetEndOfBuffer
 .text.mriBuffer_GetLength
                0x0000000008002a2e       0x10 build/buffer.o
                0x0000000008002a2e                mriBuffer_GetLength
 .text.mriBuffer_GetArray
                0x0000000008002a3e        0x4 build/buffer.o
                0x0000000008002a3e                mriBuffer_GetArray
 .text.mriBuffer_OverrunDetected
                0x0000000008002a42        0xe build/buffer.o
                0x0000000008002a42                mriBuffer_OverrunDetected
 .text.mriBuffer_BytesLeft
                0x0000000008002a50       0x16 build/buffer.o
                0x0000000008002a50                mriBuffer_BytesLeft
 .text.mriBuffer_Advance
                0x0000000008002a66       0x18 build/buffer.o
                0x0000000008002a66                mriBuffer_Advance
 *fill*         0x0000000008002a7e        0x2 
 .text.throwExceptionAndFlagBufferOverrunIfBufferLeftIsSmallerThan
                0x0000000008002a80       0x28 build/buffer.o
 .text.throwExceptionIfBufferLeftIsSmallerThan
                0x0000000008002aa8       0x20 build/buffer.o
 .text.matchesString
                0x0000000008002ac8       0x50 build/buffer.o
 .text.doesBufferContainThisString
                0x0000000008002b18       0x40 build/buffer.o
 .text.clearOverrun
                0x0000000008002b58       0x10 build/buffer.o
 .text.mriBuffer_WriteChar
                0x0000000008002b68       0x24 build/buffer.o
                0x0000000008002b68                mriBuffer_WriteChar
 .text.calculateAbsoluteValueAndWriteMinusSignForNegativeValue
                0x0000000008002b8c       0x14 build/buffer.o
 .text.mriBuffer_ReadChar
                0x0000000008002ba0       0x28 build/buffer.o
                0x0000000008002ba0                mriBuffer_ReadChar
 .text.parseNextHexDigitAndAddNibbleToValue
                0x0000000008002bc8       0x34 build/buffer.o
 .text.mriBuffer_WriteByteAsHex
                0x0000000008002bfc       0x3c build/buffer.o
                0x0000000008002bfc                mriBuffer_WriteByteAsHex
 .text.mriBuffer_ReadByteAsHex
                0x0000000008002c38       0x54 build/buffer.o
                0x0000000008002c38                mriBuffer_ReadByteAsHex
 .text.hexStringCompare
                0x0000000008002c8c       0x3a build/buffer.o
 .text.doesBufferContainThisHexString
                0x0000000008002cc6       0x44 build/buffer.o
 *fill*         0x0000000008002d0a        0x2 
 .text.mriBuffer_WriteSizedString
                0x0000000008002d0c       0x38 build/buffer.o
                0x0000000008002d0c                mriBuffer_WriteSizedString
 .text.mriBuffer_WriteString
                0x0000000008002d44       0x18 build/buffer.o
                0x0000000008002d44                mriBuffer_WriteString
 .text.mriBuffer_WriteSizedStringAsHex
                0x0000000008002d5c       0x1c build/buffer.o
                0x0000000008002d5c                mriBuffer_WriteSizedStringAsHex
 .text.mriBuffer_WriteStringAsHex
                0x0000000008002d78       0x18 build/buffer.o
                0x0000000008002d78                mriBuffer_WriteStringAsHex
 .text.mriBuffer_ReadUIntegerAsHex
                0x0000000008002d90       0x48 build/buffer.o
                0x0000000008002d90                mriBuffer_ReadUIntegerAsHex
 .text.mriBuffer_WriteUIntegerAsHex
                0x0000000008002dd8       0x40 build/buffer.o
                0x0000000008002dd8                mriBuffer_WriteUIntegerAsHex
 .text.mriBuffer_WriteIntegerAsHex
                0x0000000008002e18       0x24 build/buffer.o
                0x0000000008002e18                mriBuffer_WriteIntegerAsHex
 .text.mriBuffer_IsNextCharEqualTo
                0x0000000008002e3c       0x38 build/buffer.o
                0x0000000008002e3c                mriBuffer_IsNextCharEqualTo
 .text.mriBuffer_ReadIntegerAsHex
                0x0000000008002e74       0x38 build/buffer.o
                0x0000000008002e74                mriBuffer_ReadIntegerAsHex
 .text.mriBuffer_MatchesString
                0x0000000008002eac       0x28 build/buffer.o
                0x0000000008002eac                mriBuffer_MatchesString
 .text.mriBuffer_MatchesHexString
                0x0000000008002ed4       0x28 build/buffer.o
                0x0000000008002ed4                mriBuffer_MatchesHexString
 .text.handleBreakpointWatchpointException
                0x0000000008002efc       0x28 build/cmd_break_watch.o
 .text.parseBreakpointWatchpointCommandArguments
                0x0000000008002f24       0x54 build/cmd_break_watch.o
 .text.handleHardwareBreakpointSetCommand
                0x0000000008002f78       0x2c build/cmd_break_watch.o
 .text.handleWatchpointSetCommand
                0x0000000008002fa4       0x30 build/cmd_break_watch.o
 .text.handleHardwareBreakpointRemoveCommand
                0x0000000008002fd4       0x2c build/cmd_break_watch.o
 .text.handleWatchpointRemoveCommand
                0x0000000008003000       0x30 build/cmd_break_watch.o
 .text.mriCmd_HandleBreakpointWatchpointSetCommand
                0x0000000008003030       0x6c build/cmd_break_watch.o
                0x0000000008003030                mriCmd_HandleBreakpointWatchpointSetCommand
 .text.mriCmd_HandleBreakpointWatchpointRemoveCommand
                0x000000000800309c       0x6c build/cmd_break_watch.o
                0x000000000800309c                mriCmd_HandleBreakpointWatchpointRemoveCommand
 .text.mriCmd_ReadUIntegerArgument
                0x0000000008003108       0x1c build/cmd_common.o
                0x0000000008003108                mriCmd_ReadUIntegerArgument
 .text.mriCmd_ThrowIfNextCharIsNotEqualTo
                0x0000000008003124       0x1c build/cmd_common.o
                0x0000000008003124                mriCmd_ThrowIfNextCharIsNotEqualTo
 .text.mriCmd_ReadAddressAndLengthArguments
                0x0000000008003140       0x34 build/cmd_common.o
                0x0000000008003140                mriCmd_ReadAddressAndLengthArguments
 .text.mriCmd_ReadAddressAndLengthArgumentsWithColon
                0x0000000008003174       0x24 build/cmd_common.o
                0x0000000008003174                mriCmd_ReadAddressAndLengthArgumentsWithColon
 .text.isCurrentInstructionHardcodedBreakpoint
                0x0000000008003198       0x10 build/cmd_continue.o
 .text.shouldSkipHardcodedBreakpoint
                0x00000000080031a8       0x18 build/cmd_continue.o
 .text.mriCmd_SkipHardcodedBreakpoint
                0x00000000080031c0       0x14 build/cmd_continue.o
                0x00000000080031c0                mriCmd_SkipHardcodedBreakpoint
 .text.mriCmd_ContinueExecution
                0x00000000080031d4       0x2e build/cmd_continue.o
                0x00000000080031d4                mriCmd_ContinueExecution
 *fill*         0x0000000008003202        0x2 
 .text.mriCmd_HandleContinueCommand
                0x0000000008003204       0x30 build/cmd_continue.o
                0x0000000008003204                mriCmd_HandleContinueCommand
 .text.mriCmd_HandleContinueWithSignalCommand
                0x0000000008003234       0x6c build/cmd_continue.o
                0x0000000008003234                mriCmd_HandleContinueWithSignalCommand
 .text.mriCmd_HandleDetachCommand
                0x00000000080032a0       0x28 build/cmd_continue.o
                0x00000000080032a0                mriCmd_HandleDetachCommand
 .text.processGdbFileResponseCommands
                0x00000000080032c8       0x2a build/cmd_file.o
 *fill*         0x00000000080032f2        0x2 
 .text.mriIssueGdbFileOpenRequest
                0x00000000080032f4       0x58 build/cmd_file.o
                0x00000000080032f4                mriIssueGdbFileOpenRequest
 .text.mriIssueGdbFileWriteRequest
                0x000000000800334c       0x48 build/cmd_file.o
                0x000000000800334c                mriIssueGdbFileWriteRequest
 .text.mriIssueGdbFileReadRequest
                0x0000000008003394       0x48 build/cmd_file.o
                0x0000000008003394                mriIssueGdbFileReadRequest
 .text.mriIssueGdbFileCloseRequest
                0x00000000080033dc       0x28 build/cmd_file.o
                0x00000000080033dc                mriIssueGdbFileCloseRequest
 .text.mriIssueGdbFileSeekRequest
                0x0000000008003404       0x48 build/cmd_file.o
                0x0000000008003404                mriIssueGdbFileSeekRequest
 .text.mriIssueGdbFileFStatRequest
                0x000000000800344c       0x38 build/cmd_file.o
                0x000000000800344c                mriIssueGdbFileFStatRequest
 .text.mriIssueGdbFileUnlinkRequest
                0x0000000008003484       0x38 build/cmd_file.o
                0x0000000008003484                mriIssueGdbFileUnlinkRequest
 .text.mriIssueGdbFileStatRequest
                0x00000000080034bc       0x48 build/cmd_file.o
                0x00000000080034bc                mriIssueGdbFileStatRequest
 .text.mriIssueGdbFileRenameRequest
                0x0000000008003504       0x58 build/cmd_file.o
                0x0000000008003504                mriIssueGdbFileRenameRequest
 .text.mriHandleFileIOCommand
                0x000000000800355c       0x54 build/cmd_file.o
                0x000000000800355c                mriHandleFileIOCommand
 .text.mriCmd_HandleMemoryReadCommand
                0x00000000080035b0       0x4c build/cmd_memory.o
                0x00000000080035b0                mriCmd_HandleMemoryReadCommand
 .text.mriCmd_HandleMemoryWriteCommand
                0x00000000080035fc       0x68 build/cmd_memory.o
                0x00000000080035fc                mriCmd_HandleMemoryWriteCommand
 .text.mriCmd_HandleBinaryMemoryWriteCommand
                0x0000000008003664       0x68 build/cmd_memory.o
                0x0000000008003664                mriCmd_HandleBinaryMemoryWriteCommand
 .text.validateAnnexIsNull
                0x00000000080036cc       0x14 build/cmd_query.o
 .text.handleQuerySupportedCommand
                0x00000000080036e0       0x24 build/cmd_query.o
 .text.readQueryTransferAnnexArgument
                0x0000000008003704       0x58 build/cmd_query.o
 .text.readQueryTransferOffsetLengthArguments
                0x000000000800375c       0x18 build/cmd_query.o
 .text.readQueryTransferReadArguments
                0x0000000008003774       0x68 build/cmd_query.o
 .text.handleQueryTransferReadCommand
                0x00000000080037dc       0x5c build/cmd_query.o
 .text.handleQueryTransferMemoryMapCommand
                0x0000000008003838       0x50 build/cmd_query.o
 .text.validateAnnexIs
                0x0000000008003888       0x1c build/cmd_query.o
 .text.handleQueryTransferFeaturesCommand
                0x00000000080038a4       0x54 build/cmd_query.o
 .text.handleQueryTransferCommand
                0x00000000080038f8       0x58 build/cmd_query.o
 .text.outputThreadIds
                0x0000000008003950       0x48 build/cmd_query.o
 .text.handleQueryFirstThreadInfoCommand
                0x0000000008003998       0x20 build/cmd_query.o
 .text.handleQuerySubsequentThreadInfoCommand
                0x00000000080039b8        0xc build/cmd_query.o
 .text.handleQueryThreadExtraInfoCommand
                0x00000000080039c4       0x38 build/cmd_query.o
 .text.handleMonitorHelpCommand
                0x00000000080039fc       0x30 build/cmd_query.o
 .text.handleMonitorResetCommand
                0x0000000008003a2c       0x20 build/cmd_query.o
 .text.handleMonitorShowFaultCommand
                0x0000000008003a4c       0x14 build/cmd_query.o
 .text.handleMonitorCommand
                0x0000000008003a60       0x70 build/cmd_query.o
 .text.mriCmd_HandleQueryCommand
                0x0000000008003ad0       0x98 build/cmd_query.o
                0x0000000008003ad0                mriCmd_HandleQueryCommand
 .text.writeThreadIdToBuffer
                0x0000000008003b68       0x2c build/cmd_registers.o
 .text.writeTrapReasonToBuffer
                0x0000000008003b94       0x54 build/cmd_registers.o
 .text.mriCmd_Send_T_StopResponse
                0x0000000008003be8       0x4a build/cmd_registers.o
                0x0000000008003be8                mriCmd_Send_T_StopResponse
 .text.mriCmd_HandleRegisterReadCommand
                0x0000000008003c32       0x18 build/cmd_registers.o
                0x0000000008003c32                mriCmd_HandleRegisterReadCommand
 *fill*         0x0000000008003c4a        0x2 
 .text.mriCmd_HandleRegisterWriteCommand
                0x0000000008003c4c       0x34 build/cmd_registers.o
                0x0000000008003c4c                mriCmd_HandleRegisterWriteCommand
 .text.justAdvancedPastBreakpoint
                0x0000000008003c80        0x6 build/cmd_step.o
 .text.mriCmd_HandleSingleStepCommand
                0x0000000008003c86       0x4a build/cmd_step.o
                0x0000000008003c86                mriCmd_HandleSingleStepCommand
 .text.mriCmd_HandleSingleStepWithSignalCommand
                0x0000000008003cd0       0x34 build/cmd_step.o
                0x0000000008003cd0                mriCmd_HandleSingleStepWithSignalCommand
 .text.mriCmd_HandleThreadContextCommand
                0x0000000008003d04       0x70 build/cmd_thread.o
                0x0000000008003d04                mriCmd_HandleThreadContextCommand
 .text.mriCmd_HandleIsThreadActiveCommand
                0x0000000008003d74       0x4c build/cmd_thread.o
                0x0000000008003d74                mriCmd_HandleIsThreadActiveCommand
 .text.justAdvancedPastBreakpoint
                0x0000000008003dc0        0x6 build/cmd_vcont.o
 .text.getThreadIdFromAction
                0x0000000008003dc6       0x24 build/cmd_vcont.o
 *fill*         0x0000000008003dea        0x2 
 .text.handleVContQueryCommand
                0x0000000008003dec       0x14 build/cmd_vcont.o
 .text.parseOptionalThreadId
                0x0000000008003e00       0x58 build/cmd_vcont.o
 .text.parseContinueAction
                0x0000000008003e58       0x2a build/cmd_vcont.o
 .text.parseSingleStepAction
                0x0000000008003e82       0x2a build/cmd_vcont.o
 .text.parseContinueWithSignalAction
                0x0000000008003eac       0x44 build/cmd_vcont.o
 .text.parseSingleStepWithSignalAction
                0x0000000008003ef0       0x44 build/cmd_vcont.o
 .text.parseAddressRange
                0x0000000008003f34       0x3c build/cmd_vcont.o
 .text.parseRangedSingleStepAction
                0x0000000008003f70       0x54 build/cmd_vcont.o
 .text.parseAction
                0x0000000008003fc4       0x84 build/cmd_vcont.o
 .text.isActionSpecificToNonHaltedThreadId
                0x0000000008004048       0x20 build/cmd_vcont.o
 .text.isActionSpecificToHaltedThreadId
                0x0000000008004068       0x20 build/cmd_vcont.o
 .text.getActionPriority
                0x0000000008004088       0x5a build/cmd_vcont.o
 .text.isActionMoreSpecificThanCurrent
                0x00000000080040e2       0x1a build/cmd_vcont.o
 .text.firstParsePass
                0x00000000080040fc      0x124 build/cmd_vcont.o
 .text.handleActionWithSetThreadState
                0x0000000008004220       0x48 build/cmd_vcont.o
 .text.secondParsePass
                0x0000000008004268       0x4a build/cmd_vcont.o
 .text.handleSingleStepAndContinueCommandsWithSetThreadState
                0x00000000080042b2       0x2a build/cmd_vcont.o
 .text.handleAction
                0x00000000080042dc       0x4c build/cmd_vcont.o
 .text.handleSingleStepAndContinueCommands
                0x0000000008004328       0x14 build/cmd_vcont.o
 .text.handleVContCommand
                0x000000000800433c       0x60 build/cmd_vcont.o
 .text.mriCmd_HandleVContCommands
                0x000000000800439c       0x40 build/cmd_vcont.o
                0x000000000800439c                mriCmd_HandleVContCommands
 .text.mriCmd_RestoreThreadStates
                0x00000000080043dc       0x10 build/cmd_vcont.o
                0x00000000080043dc                mriCmd_RestoreThreadStates
 .text.writeBytesToBufferAsHex
                0x00000000080043ec       0x1c build/context.o
 .text.readBytesFromBufferAsHex
                0x0000000008004408       0x1c build/context.o
 .text.mriContext_Init
                0x0000000008004424        0x6 build/context.o
                0x0000000008004424                mriContext_Init
 .text.mriContext_Count
                0x000000000800442a       0x1c build/context.o
                0x000000000800442a                mriContext_Count
 *fill*         0x0000000008004446        0x2 
 .text.mriContext_Get
                0x0000000008004448       0x48 build/context.o
                0x0000000008004448                mriContext_Get
 .text.mriContext_Set
                0x0000000008004490       0x44 build/context.o
                0x0000000008004490                mriContext_Set
 .text.mriContext_CopyToBuffer
                0x00000000080044d4       0x32 build/context.o
                0x00000000080044d4                mriContext_CopyToBuffer
 .text.mriContext_CopyFromBuffer
                0x0000000008004506       0x32 build/context.o
                0x0000000008004506                mriContext_CopyFromBuffer
 .text.mriGdbConsole_WriteSizedString
                0x0000000008004538       0x2c build/gdb_console.o
                0x0000000008004538                mriGdbConsole_WriteSizedString
 .text.mriGdbConsole_WriteString
                0x0000000008004564       0x12 build/gdb_console.o
                0x0000000008004564                mriGdbConsole_WriteString
 *fill*         0x0000000008004576        0x2 
 .text.mriGdbConsole_WriteHexValue
                0x0000000008004578       0x44 build/gdb_console.o
                0x0000000008004578                mriGdbConsole_WriteHexValue
 .text.mri_memcpy
                0x00000000080045bc       0x18 build/libc.o
                0x00000000080045bc                mri_memcpy
 .text.mri_memset
                0x00000000080045d4       0x14 build/libc.o
                0x00000000080045d4                mri_memset
 .text.mri_strcmp
                0x00000000080045e8       0x18 build/libc.o
                0x00000000080045e8                mri_strcmp
 .text.mri_strncmp
                0x0000000008004600       0x2a build/libc.o
                0x0000000008004600                mri_strncmp
 .text.mri_strlen
                0x000000000800462a       0x10 build/libc.o
                0x000000000800462a                mri_strlen
 .text.mri_strstr
                0x000000000800463a       0x2c build/libc.o
                0x000000000800463a                mri_strstr
 .text.mri_memmove
                0x0000000008004666       0x42 build/libc.o
                0x0000000008004666                mri_memmove
 .text.isNotHalfWordAligned
                0x00000000080046a8        0x6 build/memory.o
 .text.isNotWordAligned
                0x00000000080046ae        0x6 build/memory.o
 .text.writeBytesToBufferAsHex
                0x00000000080046b4       0x1c build/memory.o
 .text.readMemoryBytesIntoHexBuffer
                0x00000000080046d0       0x36 build/memory.o
 .text.readMemoryHalfWordIntoHexBuffer
                0x0000000008004706       0x42 build/memory.o
 .text.readMemoryWordIntoHexBuffer
                0x0000000008004748       0x40 build/memory.o
 .text.readBytesFromHexBuffer
                0x0000000008004788       0x30 build/memory.o
 .text.writeHexBufferToByteMemory
                0x00000000080047b8       0x48 build/memory.o
 .text.writeHexBufferToHalfWordMemory
                0x0000000008004800       0x46 build/memory.o
 .text.writeHexBufferToWordMemory
                0x0000000008004846       0x44 build/memory.o
 *fill*         0x000000000800488a        0x2 
 .text.readBytesFromBinaryBuffer
                0x000000000800488c       0x30 build/memory.o
 .text.writeBinaryBufferToByteMemory
                0x00000000080048bc       0x48 build/memory.o
 .text.writeBinaryBufferToHalfWordMemory
                0x0000000008004904       0x46 build/memory.o
 .text.writeBinaryBufferToWordMemory
                0x000000000800494a       0x44 build/memory.o
 .text.mriMem_ReadMemoryIntoHexBuffer
                0x000000000800498e       0x1c build/memory.o
                0x000000000800498e                mriMem_ReadMemoryIntoHexBuffer
 .text.mriMem_WriteHexBufferToMemory
                0x00000000080049aa       0x1c build/memory.o
                0x00000000080049aa                mriMem_WriteHexBufferToMemory
 .text.mriMem_WriteBinaryBufferToMemory
                0x00000000080049c6       0x1c build/memory.o
                0x00000000080049c6                mriMem_WriteBinaryBufferToMemory
 *fill*         0x00000000080049e2        0x2 
 .text.isTempBreakpointSet
                0x00000000080049e4       0x10 build/mri.o
 .text.clearThumbBitOfAddress
                0x00000000080049f4        0x6 build/mri.o
 *fill*         0x00000000080049fa        0x2 
 .text.clearControlCEncounteredFlag
                0x00000000080049fc       0x10 build/mri.o
 .text.clearTempBreakpointFlag
                0x0000000008004a0c       0x10 build/mri.o
 .text.clearSingleSteppingInRange
                0x0000000008004a1c       0x10 build/mri.o
 .text.isDebugTrap
                0x0000000008004a2c       0x14 build/mri.o
 .text.clearFirstExceptionFlag
                0x0000000008004a40       0x10 build/mri.o
 .text.wasTempBreakpointHit
                0x0000000008004a50       0x28 build/mri.o
 .text.clearTempBreakpoint
                0x0000000008004a78       0x30 build/mri.o
 .text.determineSignalValue
                0x0000000008004aa8       0x14 build/mri.o
 .text.areSingleSteppingInRange
                0x0000000008004abc       0x44 build/mri.o
 .text.waitForAckToBeTransmitted
                0x0000000008004b00        0xc build/mri.o
 .text.mriCoreSetDebuggerHooks
                0x0000000008004b0c       0x10 build/mri.o
                0x0000000008004b0c                mriCoreSetDebuggerHooks
 .text.mriCore_InitPacketBuffers
                0x0000000008004b1c       0x1c build/mri.o
                0x0000000008004b1c                mriCore_InitPacketBuffers
 .text.getPacketFromGDB
                0x0000000008004b38       0x14 build/mri.o
 .text.mriCore_WasControlCFlagSentFromGdb
                0x0000000008004b4c       0x10 build/mri.o
                0x0000000008004b4c                mriCore_WasControlCFlagSentFromGdb
 .text.mriCore_RequestResetOnNextContinue
                0x0000000008004b5c       0x10 build/mri.o
                0x0000000008004b5c                mriCore_RequestResetOnNextContinue
 .text.mriCore_WasControlCEncountered
                0x0000000008004b6c       0x10 build/mri.o
                0x0000000008004b6c                mriCore_WasControlCEncountered
 .text.mriCore_ControlCEncountered
                0x0000000008004b7c       0x10 build/mri.o
                0x0000000008004b7c                mriCore_ControlCEncountered
 .text.mriCore_WasResetOnNextContinueRequested
                0x0000000008004b8c       0x10 build/mri.o
                0x0000000008004b8c                mriCore_WasResetOnNextContinueRequested
 .text.prepareForDebuggerExit
                0x0000000008004b9c       0x34 build/mri.o
 .text.mriCore_SetSingleSteppingRange
                0x0000000008004bd0       0x1c build/mri.o
                0x0000000008004bd0                mriCore_SetSingleSteppingRange
 .text.mriCore_GetContext
                0x0000000008004bec        0xc build/mri.o
                0x0000000008004bec                mriCore_GetContext
 .text.mriCore_SetContext
                0x0000000008004bf8        0xc build/mri.o
                0x0000000008004bf8                mriCore_SetContext
 .text.mriCore_RecordControlCFlagSentFromGdb
                0x0000000008004c04       0x20 build/mri.o
                0x0000000008004c04                mriCore_RecordControlCFlagSentFromGdb
 .text.mriCore_WasSemihostCallCancelledByGdb
                0x0000000008004c24       0x14 build/mri.o
                0x0000000008004c24                mriCore_WasSemihostCallCancelledByGdb
 .text.mriCore_FlagSemihostCallAsHandled
                0x0000000008004c38       0x18 build/mri.o
                0x0000000008004c38                mriCore_FlagSemihostCallAsHandled
 .text.mriCore_IsFirstException
                0x0000000008004c50       0x10 build/mri.o
                0x0000000008004c50                mriCore_IsFirstException
 .text.mriCore_SetSignalValue
                0x0000000008004c60        0xc build/mri.o
                0x0000000008004c60                mriCore_SetSignalValue
 .text.mriCore_GetSignalValue
                0x0000000008004c6c        0xc build/mri.o
                0x0000000008004c6c                mriCore_GetSignalValue
 .text.mriCore_SetSemihostReturnValues
                0x0000000008004c78        0xc build/mri.o
                0x0000000008004c78                mriCore_SetSemihostReturnValues
 .text.mriCore_GetSemihostReturnCode
                0x0000000008004c84        0xc build/mri.o
                0x0000000008004c84                mriCore_GetSemihostReturnCode
 .text.mriCore_GetSemihostErrno
                0x0000000008004c90        0xc build/mri.o
                0x0000000008004c90                mriCore_GetSemihostErrno
 .text.mriCore_GetBuffer
                0x0000000008004c9c        0x8 build/mri.o
                0x0000000008004c9c                mriCore_GetBuffer
 .text.mriCore_PrepareStringResponse
                0x0000000008004ca4       0x14 build/mri.o
                0x0000000008004ca4                mriCore_PrepareStringResponse
 .text.mriCore_GetInitializedBuffer
                0x0000000008004cb8        0xc build/mri.o
                0x0000000008004cb8                mriCore_GetInitializedBuffer
 .text.mriCore_SendPacketToGdb
                0x0000000008004cc4       0x34 build/mri.o
                0x0000000008004cc4                mriCore_SendPacketToGdb
 .text.handleGDBCommand
                0x0000000008004cf8       0x74 build/mri.o
 .text.mriCore_GdbCommandHandlingLoop
                0x0000000008004d6c        0xc build/mri.o
                0x0000000008004d6c                mriCore_GdbCommandHandlingLoop
 .text.mriDebugException
                0x0000000008004d78       0xb0 build/mri.o
                0x0000000008004d78                mriDebugException
 .text.HexCharToNibble
                0x0000000008004e28       0x40 build/packet.o
 .text.clearChecksum
                0x0000000008004e68        0x6 build/packet.o
 .text.updateChecksum
                0x0000000008004e6e        0x8 build/packet.o
 .text.isEscapePrefixChar
                0x0000000008004e76        0xa build/packet.o
 .text.unescapeChar
                0x0000000008004e80        0x6 build/packet.o
 .text.isChecksumValid
                0x0000000008004e86        0xe build/packet.o
 .text.initPacketStructure
                0x0000000008004e94       0x10 build/packet.o
 .text.getNextCharFromGdb
                0x0000000008004ea4        0xe build/packet.o
 .text.waitForStartOfNextPacket
                0x0000000008004eb2       0x14 build/packet.o
 *fill*         0x0000000008004ec6        0x2 
 .text.extractExpectedChecksum
                0x0000000008004ec8       0x4c build/packet.o
 .text.storePacketHeaderByte
                0x0000000008004f14        0xa build/packet.o
 .text.getPacketData
                0x0000000008004f1e       0x7e build/packet.o
 .text.getPacketDataAndExpectedChecksum
                0x0000000008004f9c       0x1c build/packet.o
 .text.sendNAKToGDB
                0x0000000008004fb8        0xa build/packet.o
 .text.sendACKToGDB
                0x0000000008004fc2        0xa build/packet.o
 .text.getMostRecentPacket
                0x0000000008004fcc       0x26 build/packet.o
 .text.resetBufferToEnableFutureReadingOfValidPacketData
                0x0000000008004ff2       0x14 build/packet.o
 .text.processPacketData
                0x0000000008005006       0x30 build/packet.o
 .text.storePacketChecksum
                0x0000000008005036       0x14 build/packet.o
 .text.completePacket
                0x000000000800504a       0x2a build/packet.o
 .text.receiveCharAfterSkippingControlC
                0x0000000008005074       0x1a build/packet.o
 .text.mriPacket_Init
                0x000000000800508e       0x1e build/packet.o
                0x000000000800508e                mriPacket_Init
 .text.mriPacket_GetFromGDB
                0x00000000080050ac       0x20 build/packet.o
                0x00000000080050ac                mriPacket_GetFromGDB
 .text.mriPlatform_CommSendBuffer
                0x00000000080050cc       0x1c build/packet.o
                0x00000000080050cc                mriPlatform_CommSendBuffer
 .text.sendPacket
                0x00000000080050e8       0x10 build/packet.o
 .text.mriPacket_SendToGDB
                0x00000000080050f8       0x26 build/packet.o
                0x00000000080050f8                mriPacket_SendToGDB
 .text.clearTokenObject
                0x000000000800511e       0x16 build/token.o
 .text.mriToken_InitWith
                0x0000000008005134        0xe build/token.o
                0x0000000008005134                mriToken_InitWith
 *fill*         0x0000000008005142        0x2 
 .text.mriToken_Init
                0x0000000008005144       0x10 build/token.o
                0x0000000008005144                mriToken_Init
 .text.mriToken_MatchingString
                0x0000000008005154       0x2a build/token.o
                0x0000000008005154                mriToken_MatchingString
 .text.mriToken_MatchingStringPrefix
                0x000000000800517e       0x2c build/token.o
                0x000000000800517e                mriToken_MatchingStringPrefix
 .text.mriPlatform_RtosGetHaltedThreadId
                0x00000000080051aa        0x4 build/rtos_weak.o
                0x00000000080051aa                mriPlatform_RtosGetHaltedThreadId
 .text.mriPlatform_RtosGetFirstThreadId
                0x00000000080051ae        0x4 build/rtos_weak.o
                0x00000000080051ae                mriPlatform_RtosGetFirstThreadId
 .text.mriPlatform_RtosGetNextThreadId
                0x00000000080051b2        0x4 build/rtos_weak.o
                0x00000000080051b2                mriPlatform_RtosGetNextThreadId
 .text.mriPlatform_RtosGetExtraThreadInfo
                0x00000000080051b6        0x4 build/rtos_weak.o
                0x00000000080051b6                mriPlatform_RtosGetExtraThreadInfo
 .text.mriPlatform_RtosGetThreadContext
                0x00000000080051ba        0x4 build/rtos_weak.o
                0x00000000080051ba                mriPlatform_RtosGetThreadContext
 .text.mriPlatform_RtosIsThreadActive
                0x00000000080051be        0x4 build/rtos_weak.o
                0x00000000080051be                mriPlatform_RtosIsThreadActive
 .text.mriPlatform_RtosIsSetThreadStateSupported
                0x00000000080051c2        0x4 build/rtos_weak.o
                0x00000000080051c2                mriPlatform_RtosIsSetThreadStateSupported
 .text.mriPlatform_RtosSetThreadState
                0x00000000080051c6        0x2 build/rtos_weak.o
                0x00000000080051c6                mriPlatform_RtosSetThreadState
 .text.mriPlatform_RtosRestorePrevThreadState
                0x00000000080051c8        0x2 build/rtos_weak.o
                0x00000000080051c8                mriPlatform_RtosRestorePrevThreadState
 .text.writeToGdbConsole
                0x00000000080051ca       0x2c build/semihost.o
 .text.mriSemihost_IsDebuggeeMakingSemihostCall
                0x00000000080051f6       0x14 build/semihost.o
                0x00000000080051f6                mriSemihost_IsDebuggeeMakingSemihostCall
 .text.mriSemihost_HandleSemihostRequest
                0x000000000800520a       0x2e build/semihost.o
                0x000000000800520a                mriSemihost_HandleSemihostRequest
 .text.mriSemihost_WriteToFileOrConsole
                0x0000000008005238       0x14 build/semihost.o
                0x0000000008005238                mriSemihost_WriteToFileOrConsole
 .text.convertRealViewOpenModeToPosixOpenFlags
                0x000000000800524c       0x2c build/semihost_mbed.o
 .text.extractWordFromBigEndianByteArray
                0x0000000008005278       0x16 build/semihost_mbed.o
 .text.handleMbedSemihostOpenRequest
                0x000000000800528e       0x28 build/semihost_mbed.o
 .text.handleMbedSemihostCloseRequest
                0x00000000080052b6        0xc build/semihost_mbed.o
 .text.convertBytesTransferredToBytesNotTransferred
                0x00000000080052c2       0x18 build/semihost_mbed.o
 .text.handleMbedSemihostWriteRequest
                0x00000000080052da       0x1a build/semihost_mbed.o
 .text.handleMbedSemihostReadRequest
                0x00000000080052f4       0x1a build/semihost_mbed.o
 .text.handleMbedSemihostIsTtyRequest
                0x000000000800530e       0x12 build/semihost_mbed.o
 .text.handleMbedSemihostSeekRequest
                0x0000000008005320       0x1e build/semihost_mbed.o
 .text.handleMbedSemihostFileLengthRequest
                0x000000000800533e       0x2e build/semihost_mbed.o
 .text.handleMbedSemihostRemoveRequest
                0x000000000800536c       0x10 build/semihost_mbed.o
 .text.handleMbedSemihostRenameRequest
                0x000000000800537c       0x16 build/semihost_mbed.o
 .text.handleMbedSemihostErrorNoRequest
                0x0000000008005392       0x14 build/semihost_mbed.o
 .text.handleMbedSemihostUidRequest
                0x00000000080053a6       0x34 build/semihost_mbed.o
 .text.mriSemihost_HandleMbedSemihostRequest
                0x00000000080053da       0x7e build/semihost_mbed.o
                0x00000000080053da                mriSemihost_HandleMbedSemihostRequest
 .text.throwingMemRead16
                0x0000000008005458       0x28 build/semihost_newlib.o
 .text.getFirstHalfWordOfCurrentInstruction
                0x0000000008005480        0xc build/semihost_newlib.o
 .text.handleNewlibSemihostWriteRequest
                0x000000000800548c       0x1c build/semihost_newlib.o
 .text.handleNewlibSemihostReadRequest
                0x00000000080054a8       0x1c build/semihost_newlib.o
 .text.handleNewlibSemihostOpenRequest
                0x00000000080054c4       0x24 build/semihost_newlib.o
 .text.handleNewlibSemihostUnlinkRequest
                0x00000000080054e8       0x1c build/semihost_newlib.o
 .text.handleNewlibSemihostLSeekRequest
                0x0000000008005504       0x1c build/semihost_newlib.o
 .text.handleNewlibSemihostCloseRequest
                0x0000000008005520        0xa build/semihost_newlib.o
 .text.handleNewlibSemihostFStatRequest
                0x000000000800552a        0xc build/semihost_newlib.o
 .text.handleNewlibSemihostStatRequest
                0x0000000008005536       0x20 build/semihost_newlib.o
 .text.handleNewlibSemihostRenameRequest
                0x0000000008005556       0x28 build/semihost_newlib.o
 .text.handleNewlibSemihostGetErrNoRequest
                0x000000000800557e       0x14 build/semihost_newlib.o
 .text.handleNewlibSemihostSetHooksRequest
                0x0000000008005592       0x1c build/semihost_newlib.o
 .text.mriSemihost_HandleNewlibSemihostRequest
                0x00000000080055ae       0x7c build/semihost_newlib.o
                0x00000000080055ae                mriSemihost_HandleNewlibSemihostRequest
 .text.mriPlatform_GetUid
                0x000000000800562a        0x4 build/stm32f429-disco.o
                0x000000000800562a                mriPlatform_GetUid
 .text.mriPlatform_GetUidSize
                0x000000000800562e        0x4 build/stm32f429-disco.o
                0x000000000800562e                mriPlatform_GetUidSize
 *fill*         0x0000000008005632        0x2 
 .text.Reset_Handler
                0x0000000008005634       0x50 build/startup_stm32f401xc.o
                0x0000000008005634                Reset_Handler
 .text.Default_Handler
                0x0000000008005684        0x2 build/startup_stm32f401xc.o
                0x0000000008005684                RTC_Alarm_IRQHandler
                0x0000000008005684                EXTI2_IRQHandler
                0x0000000008005684                SPI4_IRQHandler
                0x0000000008005684                TIM1_CC_IRQHandler
                0x0000000008005684                DMA2_Stream5_IRQHandler
                0x0000000008005684                DMA1_Stream5_IRQHandler
                0x0000000008005684                PVD_IRQHandler
                0x0000000008005684                SDIO_IRQHandler
                0x0000000008005684                TAMP_STAMP_IRQHandler
                0x0000000008005684                EXTI3_IRQHandler
                0x0000000008005684                TIM1_UP_TIM10_IRQHandler
                0x0000000008005684                I2C3_ER_IRQHandler
                0x0000000008005684                EXTI0_IRQHandler
                0x0000000008005684                I2C2_EV_IRQHandler
                0x0000000008005684                DMA1_Stream2_IRQHandler
                0x0000000008005684                FPU_IRQHandler
                0x0000000008005684                DMA2_Stream2_IRQHandler
                0x0000000008005684                SPI1_IRQHandler
                0x0000000008005684                TIM1_BRK_TIM9_IRQHandler
                0x0000000008005684                DMA2_Stream3_IRQHandler
                0x0000000008005684                USART6_IRQHandler
                0x0000000008005684                DMA2_Stream0_IRQHandler
                0x0000000008005684                TIM4_IRQHandler
                0x0000000008005684                I2C1_EV_IRQHandler
                0x0000000008005684                DMA1_Stream6_IRQHandler
                0x0000000008005684                DMA1_Stream1_IRQHandler
                0x0000000008005684                TIM3_IRQHandler
                0x0000000008005684                RCC_IRQHandler
                0x0000000008005684                Default_Handler
                0x0000000008005684                EXTI15_10_IRQHandler
                0x0000000008005684                ADC_IRQHandler
                0x0000000008005684                DMA1_Stream7_IRQHandler
                0x0000000008005684                TIM5_IRQHandler
                0x0000000008005684                DMA2_Stream7_IRQHandler
                0x0000000008005684                I2C3_EV_IRQHandler
                0x0000000008005684                EXTI9_5_IRQHandler
                0x0000000008005684                RTC_WKUP_IRQHandler
                0x0000000008005684                SPI2_IRQHandler
                0x0000000008005684                DMA1_Stream0_IRQHandler
                0x0000000008005684                EXTI4_IRQHandler
                0x0000000008005684                WWDG_IRQHandler
                0x0000000008005684                TIM2_IRQHandler
                0x0000000008005684                OTG_FS_WKUP_IRQHandler
                0x0000000008005684                TIM1_TRG_COM_TIM11_IRQHandler
                0x0000000008005684                EXTI1_IRQHandler
                0x0000000008005684                USART2_IRQHandler
                0x0000000008005684                I2C2_ER_IRQHandler
                0x0000000008005684                DMA2_Stream1_IRQHandler
                0x0000000008005684                FLASH_IRQHandler
                0x0000000008005684                DMA2_Stream4_IRQHandler
                0x0000000008005684                OTG_FS_IRQHandler
                0x0000000008005684                SPI3_IRQHandler
                0x0000000008005684                DMA1_Stream4_IRQHandler
                0x0000000008005684                I2C1_ER_IRQHandler
                0x0000000008005684                DMA2_Stream6_IRQHandler
                0x0000000008005684                DMA1_Stream3_IRQHandler
 *fill*         0x0000000008005686        0x2 
 .text.__libc_init_array
                0x0000000008005688       0x48 /usr/lib/gcc/arm-none-eabi/12.2.0/../../../../arm-none-eabi/lib/thumb/v7e-m+fp/hard/libc_nano.a(lib_a-init.o)
                0x0000000008005688                __libc_init_array
 .text.memset   0x00000000080056d0       0x10 /usr/lib/gcc/arm-none-eabi/12.2.0/../../../../arm-none-eabi/lib/thumb/v7e-m+fp/hard/libc_nano.a(lib_a-memset.o)
                0x00000000080056d0                memset
 .text.__udivmoddi4
                0x00000000080056e0      0x2a0 /usr/lib/gcc/arm-none-eabi/12.2.0/thumb/v7e-m+fp/hard/libgcc.a(_udivmoddi4.o)
                0x00000000080056e0                __udivmoddi4
 *(.glue_7)
 .glue_7        0x0000000008005980        0x0 linker stubs
 *(.glue_7t)
 .glue_7t       0x0000000008005980        0x0 linker stubs
 *(.eh_frame)
 .eh_frame      0x0000000008005980        0x0 /usr/lib/gcc/arm-none-eabi/12.2.0/thumb/v7e-m+fp/hard/crtbegin.o
 *(.init)
 .init          0x0000000008005980        0x4 /usr/lib/gcc/arm-none-eabi/12.2.0/thumb/v7e-m+fp/hard/crti.o
                0x0000000008005980                _init
 .init          0x0000000008005984        0x8 /usr/lib/gcc/arm-none-eabi/12.2.0/thumb/v7e-m+fp/hard/crtn.o
 *(.fini)
 .fini          0x000000000800598c        0x4 /usr/lib/gcc/arm-none-eabi/12.2.0/thumb/v7e-m+fp/hard/crti.o
                0x000000000800598c                _fini
 .fini          0x0000000008005990        0x8 /usr/lib/gcc/arm-none-eabi/12.2.0/thumb/v7e-m+fp/hard/crtn.o
                0x0000000008005998                . = ALIGN (0x4)
                0x0000000008005998                _etext = .

.vfp11_veneer   0x0000000008005998        0x0
 .vfp11_veneer  0x0000000008005998        0x0 linker stubs

.v4_bx          0x0000000008005998        0x0
 .v4_bx         0x0000000008005998        0x0 linker stubs

.iplt           0x0000000008005998        0x0
 .iplt          0x0000000008005998        0x0 /usr/lib/gcc/arm-none-eabi/12.2.0/thumb/v7e-m+fp/hard/crtbegin.o

.rodata         0x0000000008005998     0x1158
                0x0000000008005998                . = ALIGN (0x4)
 *(.rodata)
 .rodata        0x0000000008005998       0x10 build/buffer.o
 *(.rodata*)
 .rodata.AHBPrescTable
                0x00000000080059a8       0x10 build/system_stm32f4xx.o
                0x00000000080059a8                AHBPrescTable
 .rodata.g_memoryMapXml
                0x00000000080059b8      0x408 build/stm32f429xx_init.o
 .rodata.parseUartParameters.str1.4
                0x0000000008005dc0       0x23 build/stm32f429xx_usart.o
 *fill*         0x0000000008005de3        0x1 
 .rodata.baudRatePrefix.0
                0x0000000008005de4        0xf build/stm32f429xx_usart.o
 *fill*         0x0000000008005df3        0x1 
 .rodata.g_uartConfigurations
                0x0000000008005df4       0x18 build/stm32f429xx_usart.o
 .rodata.displayMemFaultCauseToGdbConsole.str1.4
                0x0000000008005e0c       0xc7 build/armv7-m.o
 *fill*         0x0000000008005ed3        0x1 
 .rodata.displayBusFaultCauseToGdbConsole.str1.4
                0x0000000008005ed4       0x62 build/armv7-m.o
 *fill*         0x0000000008005f36        0x2 
 .rodata.displayUsageFaultCauseToGdbConsole.str1.4
                0x0000000008005f38       0xab build/armv7-m.o
 *fill*         0x0000000008005fe3        0x1 
 .rodata.displayHardFaultCauseToGdbConsole.str1.4
                0x0000000008005fe4       0x48 build/armv7-m.o
 .rodata.mriPlatform_DisplayFaultCauseToGdbConsole.str1.4
                0x000000000800602c       0x48 build/armv7-m.o
                                          0x2 (size before relaxing)
 .rodata.debugEventToSignalMap.0
                0x000000000800602c       0x20 build/armv7-m.o
 .rodata.g_targetXml
                0x000000000800604c      0x793 build/armv7-m.o
 *fill*         0x00000000080067df        0x1 
 .rodata.g_fakeStack
                0x00000000080067e0       0x68 build/armv7-m.o
 .rodata.NibbleToHexChar
                0x0000000008006848       0x10 build/buffer.o
 .rodata.handleBreakpointWatchpointException.str1.4
                0x0000000008006858        0x8 build/cmd_break_watch.o
 .rodata.handleHardwareBreakpointSetCommand.str1.4
                0x0000000008006860        0x3 build/cmd_break_watch.o
 .rodata.mriCmd_HandleBreakpointWatchpointSetCommand.str1.4
                0x0000000008006863        0x3 build/cmd_break_watch.o
                                          0x1 (size before relaxing)
 .rodata.mriCmd_HandleContinueWithSignalCommand.str1.4
                0x0000000008006863        0x4 build/cmd_continue.o
 .rodata.mriCmd_HandleDetachCommand.str1.4
                0x0000000008006863        0x3 build/cmd_continue.o
 *fill*         0x0000000008006863        0x1 
 .rodata.controlCFlag.0
                0x0000000008006864        0x3 build/cmd_file.o
 *fill*         0x0000000008006867        0x1 
 .rodata.gdbCommand.1
                0x0000000008006868        0x9 build/cmd_file.o
 *fill*         0x0000000008006871        0x3 
 .rodata.gdbStatCommand.2
                0x0000000008006874        0x7 build/cmd_file.o
 *fill*         0x000000000800687b        0x1 
 .rodata.gdbUnlinkCommand.3
                0x000000000800687c        0x9 build/cmd_file.o
 *fill*         0x0000000008006885        0x3 
 .rodata.gdbStatCommand.4
                0x0000000008006888        0x8 build/cmd_file.o
 .rodata.gdbSeekCommand.5
                0x0000000008006890        0x8 build/cmd_file.o
 .rodata.gdbCloseCommand.6
                0x0000000008006898        0x8 build/cmd_file.o
 .rodata.gdbReadCommand.7
                0x00000000080068a0        0x7 build/cmd_file.o
 *fill*         0x00000000080068a7        0x1 
 .rodata.gdbWriteCommand.8
                0x00000000080068a8        0x8 build/cmd_file.o
 .rodata.gdbOpenCommand.9
                0x00000000080068b0        0x7 build/cmd_file.o
 *fill*         0x00000000080068b7        0x1 
 .rodata.mriCmd_HandleMemoryReadCommand.str1.4
                0x00000000080068b8        0x4 build/cmd_memory.o
                                          0x8 (size before relaxing)
 .rodata.mriCmd_HandleMemoryWriteCommand.str1.4
                0x00000000080068bc        0x4 build/cmd_memory.o
                                          0x8 (size before relaxing)
 .rodata.handleQueryTransferMemoryMapCommand.str1.4
                0x00000000080068c0        0x4 build/cmd_query.o
 .rodata.handleQueryTransferFeaturesCommand.str1.4
                0x00000000080068c0        0xb build/cmd_query.o
 .rodata.handleQueryTransferCommand.str1.4
                0x00000000080068cb        0x1 build/cmd_query.o
 *fill*         0x00000000080068cb        0x1 
 .rodata.handleMonitorHelpCommand.str1.4
                0x00000000080068cc       0x34 build/cmd_query.o
                                         0x37 (size before relaxing)
 .rodata.handleMonitorResetCommand.str1.4
                0x0000000008006900       0x1f build/cmd_query.o
 *fill*         0x000000000800691f        0x1 
 .rodata.handleMonitorCommand.str1.4
                0x0000000008006920       0x20 build/cmd_query.o
 .rodata.help.0
                0x0000000008006940        0x5 build/cmd_query.o
 *fill*         0x0000000008006945        0x3 
 .rodata.showfault.1
                0x0000000008006948        0xa build/cmd_query.o
 *fill*         0x0000000008006952        0x2 
 .rodata.reset.2
                0x0000000008006954        0x6 build/cmd_query.o
 *fill*         0x000000000800695a        0x2 
 .rodata.targetXmlAnnex.3
                0x000000000800695c        0xb build/cmd_query.o
 *fill*         0x0000000008006967        0x1 
 .rodata.readCommand.4
                0x0000000008006968        0x5 build/cmd_query.o
 *fill*         0x000000000800696d        0x3 
 .rodata.featureObject.5
                0x0000000008006970        0x9 build/cmd_query.o
 *fill*         0x0000000008006979        0x3 
 .rodata.memoryMapObject.6
                0x000000000800697c        0xb build/cmd_query.o
 *fill*         0x0000000008006987        0x1 
 .rodata.querySupportResponse.7
                0x0000000008006988       0x48 build/cmd_query.o
 .rodata.qRcmdCommand.8
                0x00000000080069d0        0x5 build/cmd_query.o
 *fill*         0x00000000080069d5        0x3 
 .rodata.qThreadExtraInfo.9
                0x00000000080069d8       0x10 build/cmd_query.o
 .rodata.qsThreadInfo.10
                0x00000000080069e8        0xc build/cmd_query.o
 .rodata.qfThreadInfo.11
                0x00000000080069f4        0xc build/cmd_query.o
 .rodata.qXferCommand.12
                0x0000000008006a00        0x5 build/cmd_query.o
 *fill*         0x0000000008006a05        0x3 
 .rodata.qSupportedCommand.13
                0x0000000008006a08        0xa build/cmd_query.o
 *fill*         0x0000000008006a12        0x2 
 .rodata.writeThreadIdToBuffer.str1.4
                0x0000000008006a14        0x7 build/cmd_registers.o
 *fill*         0x0000000008006a1b        0x1 
 .rodata.writeTrapReasonToBuffer.str1.4
                0x0000000008006a1c       0x17 build/cmd_registers.o
 .rodata.mriCmd_HandleRegisterWriteCommand.str1.4
                0x0000000008006a33        0x7 build/cmd_registers.o
 .rodata.mriCmd_HandleThreadContextCommand.str1.4
                0x0000000008006a33        0x8 build/cmd_thread.o
 *fill*         0x0000000008006a33        0x1 
 .rodata.handleVContQueryCommand.str1.4
                0x0000000008006a34       0x10 build/cmd_vcont.o
 .rodata.firstParsePass.str1.4
                0x0000000008006a44        0x4 build/cmd_vcont.o
 .rodata.mriCmd_HandleVContCommands.str1.4
                0x0000000008006a44        0x1 build/cmd_vcont.o
 .rodata.negativeOne.0
                0x0000000008006a44        0x3 build/cmd_vcont.o
 *fill*         0x0000000008006a47        0x1 
 .rodata.vContCommand.1
                0x0000000008006a48        0x5 build/cmd_vcont.o
 *fill*         0x0000000008006a4d        0x3 
 .rodata.vContQueryCommand.2
                0x0000000008006a50        0x6 build/cmd_vcont.o
 *fill*         0x0000000008006a56        0x2 
 .rodata.mriGdbConsole_WriteHexValue.str1.4
                0x0000000008006a58        0x3 build/gdb_console.o
 .rodata.mriCore_SendPacketToGdb.str1.4
                0x0000000008006a5b        0x4 build/mri.o
 .rodata.handleGDBCommand.str1.4
                0x0000000008006a5b        0x1 build/mri.o
 *fill*         0x0000000008006a5b        0x1 
 .rodata.commandTable.0
                0x0000000008006a5c       0x90 build/mri.o
 .rodata.mriToken_Init.str1.4
                0x0000000008006aec        0x3 build/token.o
                0x0000000008006af0                . = ALIGN (0x4)
 *fill*         0x0000000008006aef        0x1 

.ARM.extab
 *(.ARM.extab* .gnu.linkonce.armextab.*)

.ARM            0x0000000008006af0        0x8
                0x0000000008006af0                __exidx_start = .
 *(.ARM.exidx*)
 .ARM.exidx.text.__udivmoddi4
                0x0000000008006af0        0x8 /usr/lib/gcc/arm-none-eabi/12.2.0/thumb/v7e-m+fp/hard/libgcc.a(_udivmoddi4.o)
                0x0000000008006af8                __exidx_end = .

.rel.dyn        0x0000000008006af8        0x0
 .rel.iplt      0x0000000008006af8        0x0 /usr/lib/gcc/arm-none-eabi/12.2.0/thumb/v7e-m+fp/hard/crtbegin.o

.preinit_array  0x0000000008006af8        0x0
                0x0000000008006af8                PROVIDE (__preinit_array_start = .)
 *(.preinit_array*)
                0x0000000008006af8                PROVIDE (__preinit_array_end = .)

.init_array     0x0000000008006af8        0x4
                0x0000000008006af8                PROVIDE (__init_array_start = .)
 *(SORT_BY_NAME(.init_array.*))
 *(.init_array*)
 .init_array    0x0000000008006af8        0x4 /usr/lib/gcc/arm-none-eabi/12.2.0/thumb/v7e-m+fp/hard/crtbegin.o
                0x0000000008006afc                PROVIDE (__init_array_end = .)

.fini_array     0x0000000008006afc        0x4
                0x0000000008006afc                PROVIDE (__fini_array_start = .)
 *(SORT_BY_NAME(.fini_array.*))
 *(.fini_array*)
 .fini_array    0x0000000008006afc        0x4 /usr/lib/gcc/arm-none-eabi/12.2.0/thumb/v7e-m+fp/hard/crtbegin.o
                0x0000000008006b00                PROVIDE (__fini_array_end = .)
                0x0000000008006b00                _sidata = LOADADDR (.data)

.data           0x0000000020000000       0x1c load address 0x0000000008006b00
                0x0000000020000000                . = ALIGN (0x4)
                0x0000000020000000                _sdata = .
 *(.data)
 *(.data*)
 .data.uwTickFreq
                0x0000000020000000        0x1 build/stm32f4xx_hal.o
                0x0000000020000000                uwTickFreq
 *fill*         0x0000000020000001        0x3 
 .data.uwTickPrio
                0x0000000020000004        0x4 build/stm32f4xx_hal.o
                0x0000000020000004                uwTickPrio
 .data.SystemCoreClock
                0x0000000020000008        0x4 build/system_stm32f4xx.o
                0x0000000020000008                SystemCoreClock
 .data._mriAPBAHBPrescTable
                0x000000002000000c       0x10 build/stm32f429xx_usart.o
                0x000000002000001c                . = ALIGN (0x4)
                0x000000002000001c                _edata = .

.igot.plt       0x000000002000001c        0x0 load address 0x0000000008006b1c
 .igot.plt      0x000000002000001c        0x0 /usr/lib/gcc/arm-none-eabi/12.2.0/thumb/v7e-m+fp/hard/crtbegin.o
                0x000000002000001c                . = ALIGN (0x4)

.bss            0x0000000020000020      0x6d4 load address 0x0000000008006b1c
                0x0000000020000020                _sbss = .
                0x0000000020000020                __bss_start__ = _sbss
 *(.bss)
 *(.bss*)
 .bss.completed.1
                0x0000000020000020        0x1 /usr/lib/gcc/arm-none-eabi/12.2.0/thumb/v7e-m+fp/hard/crtbegin.o
 *fill*         0x0000000020000021        0x3 
 .bss.object.0  0x0000000020000024       0x18 /usr/lib/gcc/arm-none-eabi/12.2.0/thumb/v7e-m+fp/hard/crtbegin.o
 .bss.g_token   0x000000002000003c       0x74 build/main.o
                0x000000002000003c                g_token
 .bss.uwTick    0x00000000200000b0        0x4 build/stm32f4xx_hal.o
                0x00000000200000b0                uwTick
 .bss.mriStm32f429xxState
                0x00000000200000b4        0x8 build/stm32f429xx_init.o
                0x00000000200000b4                mriStm32f429xxState
 .bss.g_contextEntries
                0x00000000200000bc       0x48 build/armv7-m.o
 .bss.mriCortexMState
                0x0000000020000104      0x20c build/armv7-m.o
                0x0000000020000104                mriCortexMState
 .bss.mriCortexMFlags
                0x0000000020000310        0x4 build/armv7-m.o
                0x0000000020000310                mriCortexMFlags
 *fill*         0x0000000020000314        0x4 
 .bss.mriCortexMDebuggerStack
                0x0000000020000318      0x388 build/armv7-m.o
                0x0000000020000318                mriCortexMDebuggerStack
 .bss.g_mri     0x00000000200006a0       0x50 build/mri.o
 .bss.mriExceptionCode
                0x00000000200006f0        0x4 build/try_catch.o
                0x00000000200006f0                mriExceptionCode
 *(COMMON)
                0x00000000200006f4                . = ALIGN (0x4)
                0x00000000200006f4                _ebss = .
                0x00000000200006f4                __bss_end__ = _ebss

._user_heap_stack
                0x00000000200006f4      0x604 load address 0x0000000008006b1c
                0x00000000200006f8                . = ALIGN (0x8)
 *fill*         0x00000000200006f4        0x4 
                [!provide]                        PROVIDE (end = .)
                [!provide]                        PROVIDE (_end = .)
                0x00000000200008f8                . = (. + _Min_Heap_Size)
 *fill*         0x00000000200006f8      0x200 
                0x0000000020000cf8                . = (. + _Min_Stack_Size)
 *fill*         0x00000000200008f8      0x400 
                0x0000000020000cf8                . = ALIGN (0x8)

/DISCARD/
 libc.a(*)
 libm.a(*)
 libgcc.a(*)

.ARM.attributes
                0x0000000000000000       0x30
 *(.ARM.attributes)
 .ARM.attributes
                0x0000000000000000       0x22 /usr/lib/gcc/arm-none-eabi/12.2.0/thumb/v7e-m+fp/hard/crti.o
 .ARM.attributes
                0x0000000000000022       0x34 /usr/lib/gcc/arm-none-eabi/12.2.0/thumb/v7e-m+fp/hard/crtbegin.o
 .ARM.attributes
                0x0000000000000056       0x34 build/main.o
 .ARM.attributes
                0x000000000000008a       0x34 build/stm32f4xx_it.o
 .ARM.attributes
                0x00000000000000be       0x34 build/stm32f4xx_hal_msp.o
 .ARM.attributes
                0x00000000000000f2       0x34 build/stm32f4xx_hal_rcc.o
 .ARM.attributes
                0x0000000000000126       0x34 build/stm32f4xx_hal_gpio.o
 .ARM.attributes
                0x000000000000015a       0x34 build/stm32f4xx_hal_cortex.o
 .ARM.attributes
                0x000000000000018e       0x34 build/stm32f4xx_hal.o
 .ARM.attributes
                0x00000000000001c2       0x34 build/system_stm32f4xx.o
 .ARM.attributes
                0x00000000000001f6       0x34 build/stm32f429xx_init.o
 .ARM.attributes
                0x000000000000022a       0x34 build/stm32f429xx_usart.o
 .ARM.attributes
                0x000000000000025e       0x34 build/armv7-m.o
 .ARM.attributes
                0x0000000000000292       0x34 build/native-mem.o
 .ARM.attributes
                0x00000000000002c6       0x34 build/buffer.o
 .ARM.attributes
                0x00000000000002fa       0x34 build/cmd_break_watch.o
 .ARM.attributes
                0x000000000000032e       0x34 build/cmd_common.o
 .ARM.attributes
                0x0000000000000362       0x34 build/cmd_continue.o
 .ARM.attributes
                0x0000000000000396       0x34 build/cmd_file.o
 .ARM.attributes
                0x00000000000003ca       0x34 build/cmd_memory.o
 .ARM.attributes
                0x00000000000003fe       0x34 build/cmd_query.o
 .ARM.attributes
                0x0000000000000432       0x34 build/cmd_registers.o
 .ARM.attributes
                0x0000000000000466       0x34 build/cmd_step.o
 .ARM.attributes
                0x000000000000049a       0x34 build/cmd_thread.o
 .ARM.attributes
                0x00000000000004ce       0x34 build/cmd_vcont.o
 .ARM.attributes
                0x0000000000000502       0x34 build/context.o
 .ARM.attributes
                0x0000000000000536       0x34 build/gdb_console.o
 .ARM.attributes
                0x000000000000056a       0x34 build/libc.o
 .ARM.attributes
                0x000000000000059e       0x34 build/memory.o
 .ARM.attributes
                0x00000000000005d2       0x34 build/mri.o
 .ARM.attributes
                0x0000000000000606       0x34 build/packet.o
 .ARM.attributes
                0x000000000000063a       0x34 build/token.o
 .ARM.attributes
                0x000000000000066e       0x34 build/try_catch.o
 .ARM.attributes
                0x00000000000006a2       0x34 build/rtos_weak.o
 .ARM.attributes
                0x00000000000006d6       0x34 build/semihost.o
 .ARM.attributes
                0x000000000000070a       0x34 build/semihost_mbed.o
 .ARM.attributes
                0x000000000000073e       0x34 build/semihost_newlib.o
 .ARM.attributes
                0x0000000000000772       0x34 build/stm32f429-disco.o
 .ARM.attributes
                0x00000000000007a6       0x21 build/startup_stm32f401xc.o
 .ARM.attributes
                0x00000000000007c7       0x20 /tmp/cc3kihz2.o
 .ARM.attributes
                0x00000000000007e7       0x34 /usr/lib/gcc/arm-none-eabi/12.2.0/../../../../arm-none-eabi/lib/thumb/v7e-m+fp/hard/libc_nano.a(lib_a-init.o)
 .ARM.attributes
                0x000000000000081b       0x34 /usr/lib/gcc/arm-none-eabi/12.2.0/../../../../arm-none-eabi/lib/thumb/v7e-m+fp/hard/libc_nano.a(lib_a-memset.o)
 .ARM.attributes
                0x000000000000084f       0x22 /usr/lib/gcc/arm-none-eabi/12.2.0/thumb/v7e-m+fp/hard/libgcc.a(_aeabi_uldivmod.o)
 .ARM.attributes
                0x0000000000000871       0x34 /usr/lib/gcc/arm-none-eabi/12.2.0/thumb/v7e-m+fp/hard/libgcc.a(_udivmoddi4.o)
 .ARM.attributes
                0x00000000000008a5       0x22 /usr/lib/gcc/arm-none-eabi/12.2.0/thumb/v7e-m+fp/hard/libgcc.a(_dvmd_tls.o)
 .ARM.attributes
                0x00000000000008c7       0x22 /usr/lib/gcc/arm-none-eabi/12.2.0/thumb/v7e-m+fp/hard/crtn.o
OUTPUT(build/debug.elf elf32-littlearm)
LOAD linker stubs
LOAD /usr/lib/gcc/arm-none-eabi/12.2.0/../../../../arm-none-eabi/lib/thumb/v7e-m+fp/hard/libc.a
LOAD /usr/lib/gcc/arm-none-eabi/12.2.0/../../../../arm-none-eabi/lib/thumb/v7e-m+fp/hard/libm.a
LOAD /usr/lib/gcc/arm-none-eabi/12.2.0/thumb/v7e-m+fp/hard/libgcc.a

.debug_info     0x0000000000000000    0x1988f
 .debug_info    0x0000000000000000      0xf90 build/main.o
 .debug_info    0x0000000000000f90       0xe9 build/stm32f4xx_it.o
 .debug_info    0x0000000000001079      0xac0 build/stm32f4xx_hal_msp.o
 .debug_info    0x0000000000001b39      0xc36 build/stm32f4xx_hal_rcc.o
 .debug_info    0x000000000000276f      0x872 build/stm32f4xx_hal_gpio.o
 .debug_info    0x0000000000002fe1     0x10c4 build/stm32f4xx_hal_cortex.o
 .debug_info    0x00000000000040a5      0xa8a build/stm32f4xx_hal.o
 .debug_info    0x0000000000004b2f      0x5e5 build/system_stm32f4xx.o
 .debug_info    0x0000000000005114      0x558 build/stm32f429xx_init.o
 .debug_info    0x000000000000566c     0x11e0 build/stm32f429xx_usart.o
 .debug_info    0x000000000000684c     0x5227 build/armv7-m.o
 .debug_info    0x000000000000ba73      0x203 build/native-mem.o
 .debug_info    0x000000000000bc76     0x13e4 build/buffer.o
 .debug_info    0x000000000000d05a      0x783 build/cmd_break_watch.o
 .debug_info    0x000000000000d7dd      0x390 build/cmd_common.o
 .debug_info    0x000000000000db6d      0x567 build/cmd_continue.o
 .debug_info    0x000000000000e0d4      0xf4d build/cmd_file.o
 .debug_info    0x000000000000f021      0x4fc build/cmd_memory.o
 .debug_info    0x000000000000f51d     0x129b build/cmd_query.o
 .debug_info    0x00000000000107b8      0x684 build/cmd_registers.o
 .debug_info    0x0000000000010e3c      0x2b5 build/cmd_step.o
 .debug_info    0x00000000000110f1      0x45e build/cmd_thread.o
 .debug_info    0x000000000001154f     0x13ad build/cmd_vcont.o
 .debug_info    0x00000000000128fc      0x66e build/context.o
 .debug_info    0x0000000000012f6a      0x423 build/gdb_console.o
 .debug_info    0x000000000001338d      0x477 build/libc.o
 .debug_info    0x0000000000013804      0xce8 build/memory.o
 .debug_info    0x00000000000144ec     0x13ef build/mri.o
 .debug_info    0x00000000000158db      0xd8b build/packet.o
 .debug_info    0x0000000000016666      0x7fe build/token.o
 .debug_info    0x0000000000016e64       0x41 build/try_catch.o
 .debug_info    0x0000000000016ea5      0x296 build/rtos_weak.o
 .debug_info    0x000000000001713b      0x44c build/semihost.o
 .debug_info    0x0000000000017587      0xd1a build/semihost_mbed.o
 .debug_info    0x00000000000182a1      0xaa7 build/semihost_newlib.o
 .debug_info    0x0000000000018d48      0x1d2 build/stm32f429-disco.o
 .debug_info    0x0000000000018f1a       0x30 build/startup_stm32f401xc.o
 .debug_info    0x0000000000018f4a      0x10b /usr/lib/gcc/arm-none-eabi/12.2.0/../../../../arm-none-eabi/lib/thumb/v7e-m+fp/hard/libc_nano.a(lib_a-init.o)
 .debug_info    0x0000000000019055       0xe0 /usr/lib/gcc/arm-none-eabi/12.2.0/../../../../arm-none-eabi/lib/thumb/v7e-m+fp/hard/libc_nano.a(lib_a-memset.o)
 .debug_info    0x0000000000019135       0x24 /usr/lib/gcc/arm-none-eabi/12.2.0/thumb/v7e-m+fp/hard/libgcc.a(_aeabi_uldivmod.o)
 .debug_info    0x0000000000019159      0x6fd /usr/lib/gcc/arm-none-eabi/12.2.0/thumb/v7e-m+fp/hard/libgcc.a(_udivmoddi4.o)
 .debug_info    0x0000000000019856       0x39 /usr/lib/gcc/arm-none-eabi/12.2.0/thumb/v7e-m+fp/hard/libgcc.a(_dvmd_tls.o)

.debug_abbrev   0x0000000000000000     0x52ba
 .debug_abbrev  0x0000000000000000      0x261 build/main.o
 .debug_abbrev  0x0000000000000261       0x80 build/stm32f4xx_it.o
 .debug_abbrev  0x00000000000002e1      0x1b4 build/stm32f4xx_hal_msp.o
 .debug_abbrev  0x0000000000000495      0x2de build/stm32f4xx_hal_rcc.o
 .debug_abbrev  0x0000000000000773      0x22b build/stm32f4xx_hal_gpio.o
 .debug_abbrev  0x000000000000099e      0x3d3 build/stm32f4xx_hal_cortex.o
 .debug_abbrev  0x0000000000000d71      0x275 build/stm32f4xx_hal.o
 .debug_abbrev  0x0000000000000fe6      0x11b build/system_stm32f4xx.o
 .debug_abbrev  0x0000000000001101      0x208 build/stm32f429xx_init.o
 .debug_abbrev  0x0000000000001309      0x41d build/stm32f429xx_usart.o
 .debug_abbrev  0x0000000000001726      0x765 build/armv7-m.o
 .debug_abbrev  0x0000000000001e8b       0xdc build/native-mem.o
 .debug_abbrev  0x0000000000001f67      0x42d build/buffer.o
 .debug_abbrev  0x0000000000002394      0x1bc build/cmd_break_watch.o
 .debug_abbrev  0x0000000000002550      0x186 build/cmd_common.o
 .debug_abbrev  0x00000000000026d6      0x1ad build/cmd_continue.o
 .debug_abbrev  0x0000000000002883      0x1c8 build/cmd_file.o